Product: MDK-ARM Lite 5.10
Component: ARM Compiler 5.04 update 1 (build 49)
Tool: armlink [5040049]

==============================================================================

Section Cross References

    system_stm32f10x.o(i.SystemCoreClockUpdate) refers to system_stm32f10x.o(.data) for .data
    system_stm32f10x.o(i.SystemInit) refers to system_stm32f10x.o(i.SetSysClockTo72) for SetSysClockTo72
    startup_stm32f10x_hd.o(RESET) refers to startup_stm32f10x_hd.o(STACK) for __initial_sp
    startup_stm32f10x_hd.o(RESET) refers to startup_stm32f10x_hd.o(.text) for Reset_Handler
    startup_stm32f10x_hd.o(RESET) refers to main.o(i.SysTick_Handler) for SysTick_Handler
    startup_stm32f10x_hd.o(RESET) refers to main.o(i.DMA1_Channel4_IRQHandler) for DMA1_Channel4_IRQHandler
    startup_stm32f10x_hd.o(RESET) refers to main.o(i.USART1_IRQHandler) for USART1_IRQHandler
    startup_stm32f10x_hd.o(.text) refers to system_stm32f10x.o(i.SystemInit) for SystemInit
    startup_stm32f10x_hd.o(.text) refers to entry.o(.ARM.Collect$$$$00000000) for __main
    stm32f10x_tim.o(i.TIM_DeInit) refers to stm32f10x_rcc.o(i.RCC_APB1PeriphResetCmd) for RCC_APB1PeriphResetCmd
    stm32f10x_tim.o(i.TIM_DeInit) refers to stm32f10x_rcc.o(i.RCC_APB2PeriphResetCmd) for RCC_APB2PeriphResetCmd
    stm32f10x_tim.o(i.TIM_ETRClockMode1Config) refers to stm32f10x_tim.o(i.TIM_ETRConfig) for TIM_ETRConfig
    stm32f10x_tim.o(i.TIM_ETRClockMode2Config) refers to stm32f10x_tim.o(i.TIM_ETRConfig) for TIM_ETRConfig
    stm32f10x_tim.o(i.TIM_ICInit) refers to stm32f10x_tim.o(i.TI1_Config) for TI1_Config
    stm32f10x_tim.o(i.TIM_ICInit) refers to stm32f10x_tim.o(i.TIM_SetIC1Prescaler) for TIM_SetIC1Prescaler
    stm32f10x_tim.o(i.TIM_ICInit) refers to stm32f10x_tim.o(i.TI2_Config) for TI2_Config
    stm32f10x_tim.o(i.TIM_ICInit) refers to stm32f10x_tim.o(i.TIM_SetIC2Prescaler) for TIM_SetIC2Prescaler
    stm32f10x_tim.o(i.TIM_ICInit) refers to stm32f10x_tim.o(i.TIM_SetIC3Prescaler) for TIM_SetIC3Prescaler
    stm32f10x_tim.o(i.TIM_ICInit) refers to stm32f10x_tim.o(i.TIM_SetIC4Prescaler) for TIM_SetIC4Prescaler
    stm32f10x_tim.o(i.TIM_ITRxExternalClockConfig) refers to stm32f10x_tim.o(i.TIM_SelectInputTrigger) for TIM_SelectInputTrigger
    stm32f10x_tim.o(i.TIM_PWMIConfig) refers to stm32f10x_tim.o(i.TI2_Config) for TI2_Config
    stm32f10x_tim.o(i.TIM_PWMIConfig) refers to stm32f10x_tim.o(i.TIM_SetIC2Prescaler) for TIM_SetIC2Prescaler
    stm32f10x_tim.o(i.TIM_PWMIConfig) refers to stm32f10x_tim.o(i.TI1_Config) for TI1_Config
    stm32f10x_tim.o(i.TIM_PWMIConfig) refers to stm32f10x_tim.o(i.TIM_SetIC1Prescaler) for TIM_SetIC1Prescaler
    stm32f10x_tim.o(i.TIM_TIxExternalClockConfig) refers to stm32f10x_tim.o(i.TI1_Config) for TI1_Config
    stm32f10x_tim.o(i.TIM_TIxExternalClockConfig) refers to stm32f10x_tim.o(i.TIM_SelectInputTrigger) for TIM_SelectInputTrigger
    stm32f10x_tim.o(i.TIM_TIxExternalClockConfig) refers to stm32f10x_tim.o(i.TI2_Config) for TI2_Config
    stm32f10x_usart.o(i.USART_DeInit) refers to stm32f10x_rcc.o(i.RCC_APB2PeriphResetCmd) for RCC_APB2PeriphResetCmd
    stm32f10x_usart.o(i.USART_DeInit) refers to stm32f10x_rcc.o(i.RCC_APB1PeriphResetCmd) for RCC_APB1PeriphResetCmd
    stm32f10x_usart.o(i.USART_Init) refers to stm32f10x_rcc.o(i.RCC_GetClocksFreq) for RCC_GetClocksFreq
    stm32f10x_gpio.o(i.GPIO_AFIODeInit) refers to stm32f10x_rcc.o(i.RCC_APB2PeriphResetCmd) for RCC_APB2PeriphResetCmd
    stm32f10x_gpio.o(i.GPIO_DeInit) refers to stm32f10x_rcc.o(i.RCC_APB2PeriphResetCmd) for RCC_APB2PeriphResetCmd
    stm32f10x_rcc.o(i.RCC_GetClocksFreq) refers to stm32f10x_rcc.o(.data) for .data
    stm32f10x_rcc.o(i.RCC_WaitForHSEStartUp) refers to stm32f10x_rcc.o(i.RCC_GetFlagStatus) for RCC_GetFlagStatus
    stm32f10x_spi.o(i.I2S_Init) refers to stm32f10x_rcc.o(i.RCC_GetClocksFreq) for RCC_GetClocksFreq
    stm32f10x_spi.o(i.SPI_I2S_DeInit) refers to stm32f10x_rcc.o(i.RCC_APB2PeriphResetCmd) for RCC_APB2PeriphResetCmd
    stm32f10x_spi.o(i.SPI_I2S_DeInit) refers to stm32f10x_rcc.o(i.RCC_APB1PeriphResetCmd) for RCC_APB1PeriphResetCmd
    stm32f10x_flash.o(i.FLASH_EnableWriteProtection) refers to stm32f10x_flash.o(i.FLASH_WaitForLastOperation) for FLASH_WaitForLastOperation
    stm32f10x_flash.o(i.FLASH_EraseAllBank1Pages) refers to stm32f10x_flash.o(i.FLASH_WaitForLastBank1Operation) for FLASH_WaitForLastBank1Operation
    stm32f10x_flash.o(i.FLASH_EraseAllPages) refers to stm32f10x_flash.o(i.FLASH_WaitForLastOperation) for FLASH_WaitForLastOperation
    stm32f10x_flash.o(i.FLASH_EraseOptionBytes) refers to stm32f10x_flash.o(i.FLASH_GetReadOutProtectionStatus) for FLASH_GetReadOutProtectionStatus
    stm32f10x_flash.o(i.FLASH_EraseOptionBytes) refers to stm32f10x_flash.o(i.FLASH_WaitForLastOperation) for FLASH_WaitForLastOperation
    stm32f10x_flash.o(i.FLASH_ErasePage) refers to stm32f10x_flash.o(i.FLASH_WaitForLastOperation) for FLASH_WaitForLastOperation
[...]

Image Symbol Table

    Local Symbols

    Symbol Name                              Value     Ov Type        Size  Object(Section)

    ../clib/microlib/division.c              0x00000000   Number         0  uidiv.o ABSOLUTE
    ../clib/microlib/division.c              0x00000000   Number         0  uldiv.o ABSOLUTE
    ../clib/microlib/errno.c                 0x00000000   Number         0  errno.o ABSOLUTE
    ../clib/microlib/init/entry.s            0x00000000   Number         0  entry8a.o ABSOLUTE
    ../clib/microlib/init/entry.s            0x00000000   Number         0  entry2.o ABSOLUTE
    ../clib/microlib/init/entry.s            0x00000000   Number         0  entry.o ABSOLUTE
    ../clib/microlib/init/entry.s            0x00000000   Number         0  entry11b.o ABSOLUTE
    ../clib/microlib/init/entry.s            0x00000000   Number         0  entry11a.o ABSOLUTE
    ../clib/microlib/init/entry.s            0x00000000   Number         0  entry7b.o ABSOLUTE
    ../clib/microlib/init/entry.s            0x00000000   Number         0  entry5.o ABSOLUTE
    ../clib/microlib/init/entry.s            0x00000000   Number         0  entry10b.o ABSOLUTE
    ../clib/microlib/init/entry.s            0x00000000   Number         0  entry10a.o ABSOLUTE
    ../clib/microlib/init/entry.s            0x00000000   Number         0  entry9b.o ABSOLUTE
    ../clib/microlib/init/entry.s            0x00000000   Number         0  entry7a.o ABSOLUTE
    ../clib/microlib/init/entry.s            0x00000000   Number         0  entry8b.o ABSOLUTE
    ../clib/microlib/init/entry.s            0x00000000   Number         0  entry9a.o ABSOLUTE
    ../clib/microlib/longlong.c              0x00000000   Number         0  llshl.o ABSOLUTE
    ../clib/microlib/longlong.c              0x00000000   Number         0  llsshr.o ABSOLUTE
    ../clib/microlib/longlong.c              0x00000000   Number         0  llushr.o ABSOLUTE
    ../clib/microlib/printf/printf.c         0x00000000   Number         0  printf1.o ABSOLUTE
    ../clib/microlib/printf/printf.c         0x00000000   Number         0  printfa.o ABSOLUTE
    ../clib/microlib/printf/printf.c         0x00000000   Number         0  printf3.o ABSOLUTE
    ../clib/microlib/printf/printf.c         0x00000000   Number         0  printfb.o ABSOLUTE
    ../clib/microlib/printf/printf.c         0x00000000   Number         0  printf4.o ABSOLUTE
    ../clib/microlib/printf/printf.c         0x00000000   Number         0  printf0.o ABSOLUTE
    ../clib/microlib/printf/printf.c         0x00000000   Number         0  printf2.o ABSOLUTE
    ../clib/microlib/printf/printf.c         0x00000000   Number         0  printf5.o ABSOLUTE
    ../clib/microlib/printf/printf.c         0x00000000   Number         0  printf6.o ABSOLUTE
    ../clib/microlib/printf/printf.c         0x00000000   Number         0  printf7.o ABSOLUTE
    ../clib/microlib/printf/printf.c         0x00000000   Number         0  printf8.o ABSOLUTE
    ../clib/microlib/printf/stubs.s          0x00000000   Number         0  stubs.o ABSOLUTE
    ../clib/microlib/stdio/streams.c         0x00000000   Number         0  stdout.o ABSOLUTE
    ../clib/microlib/stdlib/rand.c           0x00000000   Number         0  rand.o ABSOLUTE
    ../clib/microlib/string/memcpy.c         0x00000000   Number         0  memcpya.o ABSOLUTE
    ../clib/microlib/string/memcpy.c         0x00000000   Number         0  memcpyb.o ABSOLUTE
    ../clib/microlib/string/memset.c         0x00000000   Number         0  memseta.o ABSOLUTE
    ../clib/microlib/stubs.s                 0x00000000   Number         0  iusefp.o ABSOLUTE
    ../fplib/microlib/fpadd.c                0x00000000   Number         0  dadd.o ABSOLUTE
    ../fplib/microlib/fpdiv.c                0x00000000   Number         0  ddiv.o ABSOLUTE
    ../fplib/microlib/fpepilogue.c           0x00000000   Number         0  depilogue.o ABSOLUTE
    ../fplib/microlib/fpfix.c                0x00000000   Number         0  dfixui.o ABSOLUTE
    ../fplib/microlib/fpfix.c                0x00000000   Number         0  dfixi.o ABSOLUTE
    ../fplib/microlib/fpfix.c                0x00000000   Number         0  dfixul.o ABSOLUTE
    ../fplib/microlib/fpflt.c                0x00000000   Number         0  dfltui.o ABSOLUTE
    ../fplib/microlib/fpflt.c                0x00000000   Number         0  dflti.o ABSOLUTE
    ../fplib/microlib/fpmul.c                0x00000000   Number         0  dmul.o ABSOLUTE
    ../fplib/microlib/fprnd.c                0x00000000   Number         0  drnd.o ABSOLUTE
    ../fplib/microlib/fpscalb.c              0x00000000   Number         0  dscalb.o ABSOLUTE
    ../fplib/microlib/fpsqrt.c               0x00000000   Number         0  dsqrt.o ABSOLUTE
    ../mathlib/dunder.c                      0x00000000   Number         0  dunder.o ABSOLUTE
    ../mathlib/fpclassify.c                  0x00000000   Number         0  fpclassify.o ABSOLUTE
    ../mathlib/poly.c                        0x00000000   Number         0  poly.o ABSOLUTE
    ../mathlib/pow.c                         0x00000000   Number         0  pow.o ABSOLUTE
    ../mathlib/pow.c                         0x00000000   Number         0  pow_x.o ABSOLUTE
    ../mathlib/qnan.c                        0x00000000   Number         0  qnan.o ABSOLUTE
    ../mathlib/round.c                       0x00000000   Number         0  round.o ABSOLUTE
    ../mathlib/sqrt.c                        0x00000000   Number         0  sqrt_x.o ABSOLUTE
    ../mathlib/sqrt.c                        0x00000000   Number         0  sqrt.o ABSOLUTE
    ..\Libraries\CMSIS\core_cm3.c            0x00000000   Number         0  core_cm3.o ABSOLUTE
    ..\Libraries\CMSIS\startup\arm\startup_stm32f10x_hd.s 0x00000000   Number         0  startup_stm32f10x_hd.o ABSOLUTE
    ..\Libraries\CMSIS\system_stm32f10x.c    0x00000000   Number         0  system_stm32f10x.o ABSOLUTE
    ..\Libraries\FWLib\src\misc.c            0x00000000   Number         0  misc.o ABSOLUTE
    ..\Libraries\FWLib\src\stm32f10x_adc.c   0x00000000   Number         0  stm32f10x_adc.o ABSOLUTE
    ..\Libraries\FWLib\src\stm32f10x_crc.c   0x00000000   Number         0  stm32f10x_crc.o ABSOLUTE
    ..\Libraries\FWLib\src\stm32f10x_dma.c   0x00000000   Number         0  stm32f10x_dma.o ABSOLUTE
    ..\Libraries\FWLib\src\stm32f10x_exti.c  0x00000000   Number         0  stm32f10x_exti.o ABSOLUTE
    ..\Libraries\FWLib\src\stm32f10x_flash.c 0x00000000   Number         0  stm32f10x_flash.o ABSOLUTE
    ..\Libraries\FWLib\src\stm32f10x_gpio.c  0x00000000   Number         0  stm32f10x_gpio.o ABSOLUTE
    ..\Libraries\FWLib\src\stm32f10x_iwdg.c  0x00000000   Number         0  stm32f10x_iwdg.o ABSOLUTE
    ..\Libraries\FWLib\src\stm32f10x_rcc.c   0x00000000   Number         0  stm32f10x_rcc.o ABSOLUTE
    ..\Libraries\FWLib\src\stm32f10x_spi.c   0x00000000   Number         0  stm32f10x_spi.o ABSOLUTE
    ..\Libraries\FWLib\src\stm32f10x_tim.c   0x00000000   Number         0  stm32f10x_tim.o ABSOLUTE
    ..\Libraries\FWLib\src\stm32f10x_usart.c 0x00000000   Number         0  stm32f10x_usart.o ABSOLUTE
    ..\Source\adc.c                          0x00000000   Number         0  adc.o ABSOLUTE
    ..\Source\main.c                         0x00000000   Number         0  main.o ABSOLUTE
    ..\Source\radio.c                        0x00000000   Number         0  radio.o ABSOLUTE
    ..\Source\spi.c                          0x00000000   Number         0  spi.o ABSOLUTE
    ..\Source\sx1276-Fsk.c                   0x00000000   Number         0  sx1276-fsk.o ABSOLUTE
    ..\Source\sx1276-FskMisc.c               0x00000000   Number         0  sx1276-fskmisc.o ABSOLUTE
    ..\Source\sx1276-Hal.c                   0x00000000   Number         0  sx1276-hal.o ABSOLUTE
    ..\Source\sx1276-LoRa.c                  0x00000000   Number         0  sx1276-lora.o ABSOLUTE
    ..\Source\sx1276-LoRaMisc.c              0x00000000   Number         0  sx1276-loramisc.o ABSOLUTE
    ..\Source\sx1276.c                       0x00000000   Number         0  sx1276.o ABSOLUTE
    ..\Source\uart.c                         0x00000000   Number         0  uart.o ABSOLUTE
    ..\\Libraries\\CMSIS\\core_cm3.c         0x00000000   Number         0  core_cm3.o ABSOLUTE
    cdcmple.s                                0x00000000   Number         0  cdcmple.o ABSOLUTE
    cdrcmple.s                               0x00000000   Number         0  cdrcmple.o ABSOLUTE
    dc.s                                     0x00000000   Number         0  dc.o ABSOLUTE
    handlers.s                               0x00000000   Number         0  handlers.o ABSOLUTE
    init.s                                   0x00000000   Number         0  init.o ABSOLUTE
    RESET                                    0x08000000   Section      304  startup_stm32f10x_hd.o(RESET)
    .ARM.Collect$$$$00000000                 0x08000130   Section        0  entry.o(.ARM.Collect$$$$00000000)
    .ARM.Collect$$$$00000001                 0x08000130   Section        4  entry2.o(.ARM.Collect$$$$00000001)
    .ARM.Collect$$$$00000004                 0x08000134   Section        4  entry5.o(.ARM.Collect$$$$00000004)
    .ARM.Collect$$$$00000008                 0x08000138   Section        0  entry7b.o(.ARM.Collect$$$$00000008)
    .ARM.Collect$$$$0000000A                 0x08000138   Section        0  entry8b.o(.ARM.Collect$$$$0000000A)
    .ARM.Collect$$$$0000000B                 0x08000138   Section        8  entry9a.o(.ARM.Collect$$$$0000000B)
    .ARM.Collect$$$$0000000D                 0x08000140   Section        0  entry10a.o(.ARM.Collect$$$$0000000D)
    .ARM.Collect$$$$0000000F                 0x08000140   Section        0  entry11a.o(.ARM.Collect$$$$0000000F)
    .ARM.Collect$$$$00002712                 0x08000140   Section        4  entry2.o(.ARM.Collect$$$$00002712)
    __lit__00000000                          0x08000140   Data           4  entry2.o(.ARM.Collect$$$$00002712)
    .text                                    0x08000144   Section       36  startup_stm32f10x_hd.o(.text)
    .text                                    0x08000168   Section        0  memcpya.o(.text)
    .text                                    0x0800018c   Section        0  memseta.o(.text)
    .text                                    0x080001b0   Section        0  dadd.o(.text)
    .text                                    0x080002fe   Section        0  dmul.o(.text)
    .text                                    0x080003e2   Section        0  ddiv.o(.text)
    .text                                    0x080004c0   Section        0  dscalb.o(.text)
    .text                                    0x080004ee   Section        0  dflti.o(.text)
    .text                                    0x08000510   Section        0  dfltui.o(.text)
    .text                                    0x0800052a   Section        0  dfixi.o(.text)
    .text                                    0x08000568   Section        0  dfixui.o(.text)
    .text                                    0x0800059c   Section       40  cdcmple.o(.text)
    .text                                    0x080005c4   Section        0  uidiv.o(.text)
    .text                                    0x080005f0   Section        0  uldiv.o(.text)
    .text                                    0x08000652   Section        0  llshl.o(.text)
    .text                                    0x08000670   Section        0  llushr.o(.text)
    .text                                    0x08000690   Section        0  llsshr.o(.text)
    .text                                    0x080006b4   Section        0  iusefp.o(.text)
    .text                                    0x080006b4   Section        0  depilogue.o(.text)
    .text                                    0x0800076c   Section        0  drnd.o(.text)
    .text                                    0x080007f4   Section        0  dfixul.o(.text)
    .text                                    0x08000824   Section       40  cdrcmple.o(.text)
    .text                                    0x0800084c   Section       36  init.o(.text)
    i.ADC1_GPIO_Config                       0x08000870   Section        0  adc.o(i.ADC1_GPIO_Config)
    i.ADC1_Init                              0x08000898   Section        0  adc.o(i.ADC1_Init)
    i.ADC1_Mode_Config                       0x080008a8   Section        0  adc.o(i.ADC1_Mode_Config)
    i.ADC_Cmd                                0x08000914   Section        0  stm32f10x_adc.o(i.ADC_Cmd)
    i.ADC_GetCalibrationStatus               0x08000928   Section        0  stm32f10x_adc.o(i.ADC_GetCalibrationStatus)
    i.ADC_GetResetCalibrationStatus          0x08000936   Section        0  stm32f10x_adc.o(i.ADC_GetResetCalibrationStatus)
    i.ADC_Init                               0x08000944   Section        0  stm32f10x_adc.o(i.ADC_Init)
    i.ADC_RegularChannelConfig               0x0800098c   Section        0  stm32f10x_adc.o(i.ADC_RegularChannelConfig)
    i.ADC_ResetCalibration                   0x08000a00   Section        0  stm32f10x_adc.o(i.ADC_ResetCalibration)
    i.ADC_StartCalibration                   0x08000a0a   Section        0  stm32f10x_adc.o(i.ADC_StartCalibration)
    i.Config_Handler                         0x08000a14   Section        0  main.o(i.Config_Handler)
    i.DMA1_Channel4_IRQHandler               0x08000a48   Section        0  main.o(i.DMA1_Channel4_IRQHandler)
    i.DMA_ClearFlag                          0x08000a94   Section        0  stm32f10x_dma.o(i.DMA_ClearFlag)
    i.DMA_Cmd                                0x08000aac   Section        0  stm32f10x_dma.o(i.DMA_Cmd)
    i.DMA_Config                             0x08000ac4   Section        0  uart.o(i.DMA_Config)
    i.DMA_DeInit                             0x08000b80   Section        0  stm32f10x_dma.o(i.DMA_DeInit)
    i.DMA_GetCurrDataCounter                 0x08000c64   Section        0  stm32f10x_dma.o(i.DMA_GetCurrDataCounter)
    i.DMA_GetFlagStatus                      0x08000c6c   Section        0  stm32f10x_dma.o(i.DMA_GetFlagStatus)
    i.DMA_ITConfig                           0x08000c8c   Section        0  stm32f10x_dma.o(i.DMA_ITConfig)
    i.DMA_Init                               0x08000c9c   Section        0  stm32f10x_dma.o(i.DMA_Init)
    i.FLASH_PrefetchBufferCmd                0x08000cd8   Section        0  stm32f10x_flash.o(i.FLASH_PrefetchBufferCmd)
    i.FLASH_SetLatency                       0x08000cf0   Section        0  stm32f10x_flash.o(i.FLASH_SetLatency)
    i.GPIO_Configuration                     0x08000d04   Section        0  main.o(i.GPIO_Configuration)
    i.GPIO_Init                              0x08000d80   Section        0  stm32f10x_gpio.o(i.GPIO_Init)
    i.GPIO_PinRemapConfig                    0x08000e1c   Section        0  stm32f10x_gpio.o(i.GPIO_PinRemapConfig)
    i.GPIO_ReadInputDataBit                  0x08000e74   Section        0  stm32f10x_gpio.o(i.GPIO_ReadInputDataBit)
    i.GPIO_ReadOutputDataBit                 0x08000e82   Section        0  stm32f10x_gpio.o(i.GPIO_ReadOutputDataBit)
    i.GPIO_SetBits                           0x08000e90   Section        0  stm32f10x_gpio.o(i.GPIO_SetBits)
    i.GPIO_WriteBit                          0x08000e94   Section        0  stm32f10x_gpio.o(i.GPIO_WriteBit)
    i.Get_Rssi                               0x08000ea0   Section        0  main.o(i.Get_Rssi)
    i.Get_Snr                                0x08000ebc   Section        0  main.o(i.Get_Snr)
    i.MCU_Init                               0x08000ec6   Section        0  main.o(i.MCU_Init)
    i.NVIC_Configuration                     0x08000ee8   Section        0  main.o(i.NVIC_Configuration)
    i.NVIC_Init                              0x08000f44   Section        0  misc.o(i.NVIC_Init)
    i.NVIC_PriorityGroupConfig               0x08000fa8   Section        0  misc.o(i.NVIC_PriorityGroupConfig)
    i.NVIC_SetVectorTable                    0x08000fbc   Section        0  misc.o(i.NVIC_SetVectorTable)
    i.OnSlave                                0x08000fd0   Section        0  main.o(i.OnSlave)
    i.RCC_ADCCLKConfig                       0x08001048   Section        0  stm32f10x_rcc.o(i.RCC_ADCCLKConfig)
    i.RCC_AHBPeriphClockCmd                  0x0800105c   Section        0  stm32f10x_rcc.o(i.RCC_AHBPeriphClockCmd)
    i.RCC_APB1PeriphClockCmd                 0x08001074   Section        0  stm32f10x_rcc.o(i.RCC_APB1PeriphClockCmd)
    i.RCC_APB2PeriphClockCmd                 0x0800108c   Section        0  stm32f10x_rcc.o(i.RCC_APB2PeriphClockCmd)
    i.RCC_Configuration                      0x080010a4   Section        0  main.o(i.RCC_Configuration)
    i.RCC_DeInit                             0x08001108   Section        0  stm32f10x_rcc.o(i.RCC_DeInit)
    i.RCC_GetClocksFreq                      0x08001148   Section        0  stm32f10x_rcc.o(i.RCC_GetClocksFreq)
    i.RCC_GetFlagStatus                      0x080011ec   Section        0  stm32f10x_rcc.o(i.RCC_GetFlagStatus)
    i.RCC_GetSYSCLKSource                    0x0800121c   Section        0  stm32f10x_rcc.o(i.RCC_GetSYSCLKSource)
    i.RCC_HCLKConfig                         0x0800122c   Section        0  stm32f10x_rcc.o(i.RCC_HCLKConfig)
    i.RCC_HSEConfig                          0x08001240   Section        0  stm32f10x_rcc.o(i.RCC_HSEConfig)
    i.RCC_PCLK1Config                        0x08001274   Section        0  stm32f10x_rcc.o(i.RCC_PCLK1Config)
    i.RCC_PCLK2Config                        0x08001288   Section        0  stm32f10x_rcc.o(i.RCC_PCLK2Config)
    i.RCC_PLLCmd                             0x0800129c   Section        0  stm32f10x_rcc.o(i.RCC_PLLCmd)
    i.RCC_PLLConfig                          0x080012a8   Section        0  stm32f10x_rcc.o(i.RCC_PLLConfig)
    i.RCC_SYSCLKConfig                       0x080012bc   Section        0  stm32f10x_rcc.o(i.RCC_SYSCLKConfig)
    i.RCC_WaitForHSEStartUp                  0x080012d0   Section        0  stm32f10x_rcc.o(i.RCC_WaitForHSEStartUp)
    i.RadioDriverInit                        0x080012fc   Section        0  radio.o(i.RadioDriverInit)
    i.SPI_Cmd                                0x08001334   Section        0  stm32f10x_spi.o(i.SPI_Cmd)
    i.SPI_I2S_GetFlagStatus                  0x08001348   Section        0  stm32f10x_spi.o(i.SPI_I2S_GetFlagStatus)
    i.SPI_I2S_ReceiveData                    0x08001356   Section        0  stm32f10x_spi.o(i.SPI_I2S_ReceiveData)
    i.SPI_I2S_SendData                       0x0800135a   Section        0  stm32f10x_spi.o(i.SPI_I2S_SendData)
    i.SPI_Init                               0x0800135e   Section        0  stm32f10x_spi.o(i.SPI_Init)
    i.SX1276FskGetPacketPayloadSize          0x08001398   Section        0  sx1276-fsk.o(i.SX1276FskGetPacketPayloadSize)
    i.SX1276FskGetRxPacket                   0x080013d0   Section        0  sx1276-fsk.o(i.SX1276FskGetRxPacket)
    i.SX1276FskProcess                       0x080013e8   Section        0  sx1276-fsk.o(i.SX1276FskProcess)
    i.SX1276FskReadAfc                       0x08001754   Section        0  sx1276-fsk.o(i.SX1276FskReadAfc)
    i.SX1276FskReadRssi                      0x08001788   Section        0  sx1276-fsk.o(i.SX1276FskReadRssi)
    i.SX1276FskReadRxGain                    0x080017b4   Section        0  sx1276-fsk.o(i.SX1276FskReadRxGain)
    i.SX1276FskSetOpMode                     0x080017d0   Section        0  sx1276-fsk.o(i.SX1276FskSetOpMode)
    i.SX1276FskSetRFState                    0x08001814   Section        0  sx1276-fsk.o(i.SX1276FskSetRFState)
    i.SX1276FskSetTxPacket                   0x08001820   Section        0  sx1276-fsk.o(i.SX1276FskSetTxPacket)
    i.SX1276GetRxPacket                      0x08001840   Section        0  sx1276.o(i.SX1276GetRxPacket)
    i.SX1276Init                             0x08001854   Section        0  sx1276.o(i.SX1276Init)
    i.SX1276InitIo                           0x0800188c   Section        0  sx1276-hal.o(i.SX1276InitIo)
    i.SX1276LoRaGetErrorCoding               0x080018f4   Section        0  sx1276-loramisc.o(i.SX1276LoRaGetErrorCoding)
    i.SX1276LoRaGetPacketRssi                0x08001918   Section        0  sx1276-lora.o(i.SX1276LoRaGetPacketRssi)
    i.SX1276LoRaGetPacketSnr                 0x08001924   Section        0  sx1276-lora.o(i.SX1276LoRaGetPacketSnr)
    i.SX1276LoRaGetRxPacket                  0x08001930   Section        0  sx1276-lora.o(i.SX1276LoRaGetRxPacket)
    i.SX1276LoRaGetSignalBandwidth           0x08001948   Section        0  sx1276-loramisc.o(i.SX1276LoRaGetSignalBandwidth)
    i.SX1276LoRaGetSpreadingFactor           0x0800196c   Section        0  sx1276-loramisc.o(i.SX1276LoRaGetSpreadingFactor)
    i.SX1276LoRaInit                         0x08001990   Section        0  sx1276-lora.o(i.SX1276LoRaInit)
    i.SX1276LoRaProcess                      0x08001a34   Section        0  sx1276-lora.o(i.SX1276LoRaProcess)
    i.SX1276LoRaReadRxGain                   0x08001e58   Section        0  sx1276-lora.o(i.SX1276LoRaReadRxGain)
    i.SX1276LoRaSetDefaults                  0x08001e74   Section        0  sx1276-lora.o(i.SX1276LoRaSetDefaults)
    i.SX1276LoRaSetErrorCoding               0x08001e84   Section        0  sx1276-loramisc.o(i.SX1276LoRaSetErrorCoding)
    i.SX1276LoRaSetImplicitHeaderOn          0x08001eb8   Section        0  sx1276-loramisc.o(i.SX1276LoRaSetImplicitHeaderOn)
    i.SX1276LoRaSetLowDatarateOptimize       0x08001ee8   Section        0  sx1276-loramisc.o(i.SX1276LoRaSetLowDatarateOptimize)
    i.SX1276LoRaSetNbTrigPeaks               0x08001f18   Section        0  sx1276-loramisc.o(i.SX1276LoRaSetNbTrigPeaks)
    i.SX1276LoRaSetOpMode                    0x08001f44   Section        0  sx1276-lora.o(i.SX1276LoRaSetOpMode)
    i.SX1276LoRaSetPAOutput                  0x08001f88   Section        0  sx1276-loramisc.o(i.SX1276LoRaSetPAOutput)
    i.SX1276LoRaSetPa20dBm                   0x08001fb4   Section        0  sx1276-loramisc.o(i.SX1276LoRaSetPa20dBm)
    i.SX1276LoRaSetPacketCrcOn               0x08001ff8   Section        0  sx1276-loramisc.o(i.SX1276LoRaSetPacketCrcOn)
    i.SX1276LoRaSetPayloadLength             0x0800202c   Section        0  sx1276-loramisc.o(i.SX1276LoRaSetPayloadLength)
    i.SX1276LoRaSetRFFrequency               0x08002050   Section        0  sx1276-loramisc.o(i.SX1276LoRaSetRFFrequency)
    i.SX1276LoRaSetRFPower                   0x08002090   Section        0  sx1276-loramisc.o(i.SX1276LoRaSetRFPower)
    i.SX1276LoRaSetRFState                   0x0800212c   Section        0  sx1276-lora.o(i.SX1276LoRaSetRFState)
    i.SX1276LoRaSetSignalBandwidth           0x08002138   Section        0  sx1276-loramisc.o(i.SX1276LoRaSetSignalBandwidth)
    i.SX1276LoRaSetSpreadingFactor           0x08002168   Section        0  sx1276-loramisc.o(i.SX1276LoRaSetSpreadingFactor)
    i.SX1276LoRaSetSymbTimeout               0x080021bc   Section        0  sx1276-loramisc.o(i.SX1276LoRaSetSymbTimeout)
    i.SX1276LoRaSetTxPacket                  0x080021f4   Section        0  sx1276-lora.o(i.SX1276LoRaSetTxPacket)
    i.SX1276Process                          0x08002214   Section        0  sx1276.o(i.SX1276Process)
    i.SX1276Read                             0x08002228   Section        0  sx1276-hal.o(i.SX1276Read)
    i.SX1276ReadBuffer                       0x08002230   Section        0  sx1276-hal.o(i.SX1276ReadBuffer)
    i.SX1276ReadDio0                         0x0800227c   Section        0  sx1276-hal.o(i.SX1276ReadDio0)
    i.SX1276ReadDio1                         0x0800228c   Section        0  sx1276-hal.o(i.SX1276ReadDio1)
    i.SX1276ReadDio2                         0x0800229c   Section        0  sx1276-hal.o(i.SX1276ReadDio2)
    i.SX1276ReadDio3                         0x080022a8   Section        0  sx1276-hal.o(i.SX1276ReadDio3)
    i.SX1276ReadDio4                         0x080022b4   Section        0  sx1276-hal.o(i.SX1276ReadDio4)
    i.SX1276ReadFifo                         0x080022c0   Section        0  sx1276-hal.o(i.SX1276ReadFifo)
    i.SX1276Reset                            0x080022cc   Section        0  sx1276.o(i.SX1276Reset)
    i.SX1276SetLoRaOn                        0x080022f4   Section        0  sx1276.o(i.SX1276SetLoRaOn)
    i.SX1276SetReset                         0x08002374   Section        0  sx1276-hal.o(i.SX1276SetReset)
    i.SX1276SetTxPacket                      0x080023ac   Section        0  sx1276.o(i.SX1276SetTxPacket)
    i.SX1276StartRx                          0x080023c0   Section        0  sx1276.o(i.SX1276StartRx)
    i.SX1276Write                            0x080023d8   Section        0  sx1276-hal.o(i.SX1276Write)
    i.SX1276WriteBuffer                      0x080023e4   Section        0  sx1276-hal.o(i.SX1276WriteBuffer)
    i.SX1276WriteFifo                        0x0800242c   Section        0  sx1276-hal.o(i.SX1276WriteFifo)
    i.SX1276WriteRxTx                        0x08002438   Section        0  sx1276-hal.o(i.SX1276WriteRxTx)
    i.Send_Data                              0x08002470   Section        0  main.o(i.Send_Data)
    i.SetSysClockTo72                        0x080024b4   Section        0  system_stm32f10x.o(i.SetSysClockTo72)
    SetSysClockTo72                          0x080024b5   Thumb Code   160  system_stm32f10x.o(i.SetSysClockTo72)
    i.SpiInOut                               0x0800255c   Section        0  spi.o(i.SpiInOut)
    i.SpiInit                                0x08002584   Section        0  spi.o(i.SpiInit)
    i.SysTick_Handler                        0x08002638   Section        0  main.o(i.SysTick_Handler)
    i.SysTick_Init                           0x08002648   Section        0  main.o(i.SysTick_Init)
    i.SystemInit                             0x08002684   Section        0  system_stm32f10x.o(i.SystemInit)
    i.USART1_IRQHandler                      0x080026d4   Section        0  main.o(i.USART1_IRQHandler)
    i.USART_Cmd                              0x08002758   Section        0  stm32f10x_usart.o(i.USART_Cmd)
    i.USART_Config                           0x0800276c   Section        0  uart.o(i.USART_Config)
    i.USART_DMACmd                           0x0800280c   Section        0  stm32f10x_usart.o(i.USART_DMACmd)
    i.USART_GetFlagStatus                    0x0800281c   Section        0  stm32f10x_usart.o(i.USART_GetFlagStatus)
    i.USART_GetITStatus                      0x0800282a   Section        0  stm32f10x_usart.o(i.USART_GetITStatus)
    i.USART_ITConfig                         0x08002868   Section        0  stm32f10x_usart.o(i.USART_ITConfig)
    i.USART_Init                             0x08002898   Section        0  stm32f10x_usart.o(i.USART_Init)
    i.USART_SendData                         0x08002944   Section        0  stm32f10x_usart.o(i.USART_SendData)
    i.__0printf                              0x0800294c   Section        0  printfa.o(i.__0printf)
    i.__0sprintf                             0x0800296c   Section        0  printfa.o(i.__0sprintf)
    i.__scatterload_copy                     0x08002994   Section       14  handlers.o(i.__scatterload_copy)
    i.__scatterload_null                     0x080029a2   Section        2  handlers.o(i.__scatterload_null)
    i.__scatterload_zeroinit                 0x080029a4   Section       14  handlers.o(i.__scatterload_zeroinit)
    i._fp_digits                             0x080029b4   Section        0  printfa.o(i._fp_digits)
    _fp_digits                               0x080029b5   Thumb Code   334  printfa.o(i._fp_digits)
    i._printf_core                           0x08002b18   Section        0  printfa.o(i._printf_core)
    _printf_core                             0x08002b19   Thumb Code  1744  printfa.o(i._printf_core)
    i._printf_post_padding                   0x080031f4   Section        0  printfa.o(i._printf_post_padding)
    _printf_post_padding                     0x080031f5   Thumb Code    36  printfa.o(i._printf_post_padding)
    i._printf_pre_padding                    0x08003218   Section        0  printfa.o(i._printf_pre_padding)
    _printf_pre_padding                      0x08003219   Thumb Code    46  printfa.o(i._printf_pre_padding)
    i._sputc                                 0x08003246   Section        0  printfa.o(i._sputc)
    _sputc                                   0x08003247   Thumb Code    10  printfa.o(i._sputc)
    i.fputc                                  0x08003250   Section        0  uart.o(i.fputc)
    i.main                                   0x08003274   Section        0  main.o(i.main)
    i.round                                  0x080032d4   Section        0  round.o(i.round)
    .constdata                               0x08003368   Section      204  sx1276-lora.o(.constdata)
    .data                                    0x20000000   Section       20  system_stm32f10x.o(.data)
    .data                                    0x20000014   Section       20  stm32f10x_rcc.o(.data)
    ADCPrescTable                            0x20000014   Data           4  stm32f10x_rcc.o(.data)
    APBAHBPrescTable                         0x20000018   Data          16  stm32f10x_rcc.o(.data)
    .data                                    0x20000028   Section       16  main.o(.data)
    send_flag                                0x20000029   Data           1  main.o(.data)
    TxBufSize                                0x2000002a   Data           2  main.o(.data)
    .data                                    0x20000038   Section        2  sx1276.o(.data)
    LoRaOn                                   0x20000038   Data           1  sx1276.o(.data)
    LoRaOnState                              0x20000039   Data           1  sx1276.o(.data)
    .data                                    0x20000040   Section       60  sx1276-lora.o(.data)
    RFLRState                                0x20000040   Data           1  sx1276-lora.o(.data)
    RxGain                                   0x20000041   Data           1  sx1276-lora.o(.data)
    opModePrev                               0x20000042   Data           1  sx1276-lora.o(.data)
    antennaSwitchTxOnPrev                    0x20000043   Data           1  sx1276-lora.o(.data)
    RxPacketSnrEstimate                      0x20000044   Data           1  sx1276-lora.o(.data)
    RxPacketSize                             0x20000046   Data           2  sx1276-lora.o(.data)
    TxPacketSize                             0x20000048   Data           2  sx1276-lora.o(.data)
    RxTimeoutTimer                           0x2000004c   Data           4  sx1276-lora.o(.data)
    PacketTimeout                            0x20000054   Data           4  sx1276-lora.o(.data)
    RxPacketRssiValue                        0x20000058   Data           8  sx1276-lora.o(.data)
    .data                                    0x20000080   Section       84  sx1276-fsk.o(.data)
    DataChunkSize                            0x20000080   Data           1  sx1276-fsk.o(.data)
    RFState                                  0x20000081   Data           1  sx1276-fsk.o(.data)
    PreambleDetected                         0x20000082   Data           1  sx1276-fsk.o(.data)
    SyncWordDetected                         0x20000083   Data           1  sx1276-fsk.o(.data)
    PacketDetected                           0x20000084   Data           1  sx1276-fsk.o(.data)
    RxBytesRead                              0x20000085   Data           1  sx1276-fsk.o(.data)
    TxBytesSent                              0x20000086   Data           1  sx1276-fsk.o(.data)
    RxGain                                   0x20000087   Data           1  sx1276-fsk.o(.data)
    opModePrev                               0x20000088   Data           1  sx1276-fsk.o(.data)
    antennaSwitchTxOnPrev                    0x20000089   Data           1  sx1276-fsk.o(.data)
    RxPacketSize                             0x2000008a   Data           2  sx1276-fsk.o(.data)
    TxPacketSize                             0x2000008c   Data           2  sx1276-fsk.o(.data)
    RxTimeoutTimer                           0x20000090   Data           4  sx1276-fsk.o(.data)
    Preamble2SyncTimer                       0x20000094   Data           4  sx1276-fsk.o(.data)
    TxTimeoutTimer                           0x20000098   Data           4  sx1276-fsk.o(.data)
    PacketTimeout                            0x200000a0   Data           4  sx1276-fsk.o(.data)
    Preamble2SyncTimeout                     0x200000a4   Data           4  sx1276-fsk.o(.data)
    RxPacketAfcValue                         0x200000a8   Data           4  sx1276-fsk.o(.data)
    RxPacketRssiValue                        0x200000b0   Data           8  sx1276-fsk.o(.data)
    .data                                    0x200000d4   Section        4  stdout.o(.data)
    .bss                                     0x200000d8   Section      128  main.o(.bss)
    TxBuf                                    0x200000d8   Data         128  main.o(.bss)
    .bss                                     0x20000158   Section      112  sx1276.o(.bss)
    .bss                                     0x200001c8   Section      256  sx1276-lora.o(.bss)
    RFBuffer                                 0x200001c8   Data         256  sx1276-lora.o(.bss)
    .bss                                     0x200002c8   Section      256  sx1276-fsk.o(.bss)
    RFBuffer                                 0x200002c8   Data         256  sx1276-fsk.o(.bss)
    .bss                                     0x200003c8   Section       24  radio.o(.bss)
    .bss                                     0x200003e0   Section      256  uart.o(.bss)
    STACK                                    0x200004e0   Section     1024  startup_stm32f10x_hd.o(STACK)

    Global Symbols

    Symbol Name                              Value     Ov Type        Size  Object(Section)

    BuildAttributes$$THM_ISAv4$P$D$K$B$S$PE$A:L22UL41UL21$X:L11$S22US41US21$IEEE1$IW$USESV6$~STKCKD$USESV7$~SHL$OTIME$ROPI$IEEEX$EBA8$MICROLIB$REQ8$PRES8$EABIv2 0x00000000   Number         0  anon$$obj.o ABSOLUTE
    __ARM_use_no_argv                        0x00000000   Number         0  main.o ABSOLUTE
    _printf_a                                0x00000000   Number         0  stubs.o ABSOLUTE
    _printf_c                                0x00000000   Number         0  stubs.o ABSOLUTE
    _printf_charcount                        0x00000000   Number         0  stubs.o ABSOLUTE
    _printf_d                                0x00000000   Number         0  stubs.o ABSOLUTE
    _printf_e                                0x00000000   Number         0  stubs.o ABSOLUTE
    _printf_f                                0x00000000   Number         0  stubs.o ABSOLUTE
    _printf_flags                            0x00000000   Number         0  stubs.o ABSOLUTE
    _printf_fp_dec                           0x00000000   Number         0  stubs.o ABSOLUTE
    _printf_fp_hex                           0x00000000   Number         0  stubs.o ABSOLUTE
    _printf_g                                0x00000000   Number         0  stubs.o ABSOLUTE
    _printf_i                                0x00000000   Number         0  stubs.o ABSOLUTE
    _printf_int_dec                          0x00000000   Number         0  stubs.o ABSOLUTE
    _printf_l                                0x00000000   Number         0  stubs.o ABSOLUTE
    _printf_lc                               0x00000000   Number         0  stubs.o ABSOLUTE
    _printf_ll                               0x00000000   Number         0  stubs.o ABSOLUTE
    _printf_lld                              0x00000000   Number         0  stubs.o ABSOLUTE
    _printf_lli                              0x00000000   Number         0  stubs.o ABSOLUTE
    _printf_llo                              0x00000000   Number         0  stubs.o ABSOLUTE
    _printf_llu                              0x00000000   Number         0  stubs.o ABSOLUTE
    _printf_llx                              0x00000000   Number         0  stubs.o ABSOLUTE
    _printf_longlong_dec                     0x00000000   Number         0  stubs.o ABSOLUTE
    _printf_longlong_hex                     0x00000000   Number         0  stubs.o ABSOLUTE
    _printf_longlong_oct                     0x00000000   Number         0  stubs.o ABSOLUTE
    _printf_ls                               0x00000000   Number         0  stubs.o ABSOLUTE
    _printf_mbtowc                           0x00000000   Number         0  stubs.o ABSOLUTE
    _printf_n                                0x00000000   Number         0  stubs.o ABSOLUTE
    _printf_o                                0x00000000   Number         0  stubs.o ABSOLUTE
    _printf_p                                0x00000000   Number         0  stubs.o ABSOLUTE
    _printf_percent                          0x00000000   Number         0  stubs.o ABSOLUTE
    _printf_pre_padding                      0x00000000   Number         0  stubs.o ABSOLUTE
    _printf_return_value                     0x00000000   Number         0  stubs.o ABSOLUTE
    _printf_s                                0x00000000   Number         0  stubs.o ABSOLUTE
    _printf_sizespec                         0x00000000   Number         0  stubs.o ABSOLUTE
    _printf_str                              0x00000000   Number         0  stubs.o ABSOLUTE
    _printf_truncate_signed                  0x00000000   Number         0  stubs.o ABSOLUTE
    _printf_truncate_unsigned                0x00000000   Number         0  stubs.o ABSOLUTE
    _printf_u                                0x00000000   Number         0  stubs.o ABSOLUTE
    _printf_wc                               0x00000000   Number         0  stubs.o ABSOLUTE
    _printf_wctomb                           0x00000000   Number         0  stubs.o ABSOLUTE
    _printf_widthprec                        0x00000000   Number         0  stubs.o ABSOLUTE
    _printf_x                                0x00000000   Number         0  stubs.o ABSOLUTE
    __cpp_initialize__aeabi_                  - Undefined Weak Reference
    __cxa_finalize                            - Undefined Weak Reference
    __decompress                              - Undefined Weak Reference
    _clock_init                               - Undefined Weak Reference
    _microlib_exit                            - Undefined Weak Reference
    __Vectors_Size                           0x00000130   Number         0  startup_stm32f10x_hd.o ABSOLUTE
    __Vectors                                0x08000000   Data           4  startup_stm32f10x_hd.o(RESET)
    __Vectors_End                            0x08000130   Data           0  startup_stm32f10x_hd.o(RESET)
    __main                                   0x08000131   Thumb Code     0  entry.o(.ARM.Collect$$$$00000000)
    _main_stk                                0x08000131   Thumb Code     0  entry2.o(.ARM.Collect$$$$00000001)
    _main_scatterload                        0x08000135   Thumb Code     0  entry5.o(.ARM.Collect$$$$00000004)
    __main_after_scatterload                 0x08000139   Thumb Code     0  entry5.o(.ARM.Collect$$$$00000004)
    _main_clock                              0x08000139   Thumb Code     0  entry7b.o(.ARM.Collect$$$$00000008)
    _main_cpp_init                           0x08000139   Thumb Code     0  entry8b.o(.ARM.Collect$$$$0000000A)
    _main_init                               0x08000139   Thumb Code     0  entry9a.o(.ARM.Collect$$$$0000000B)
    __rt_final_cpp                           0x08000141   Thumb Code     0  entry10a.o(.ARM.Collect$$$$0000000D)
    __rt_final_exit                          0x08000141   Thumb Code     0  entry11a.o(.ARM.Collect$$$$0000000F)
    Reset_Handler                            0x08000145   Thumb Code     8  startup_stm32f10x_hd.o(.text)
    NMI_Handler                              0x0800014d   Thumb Code     2  startup_stm32f10x_hd.o(.text)
    HardFault_Handler                        0x0800014f   Thumb Code     2  startup_stm32f10x_hd.o(.text)
    MemManage_Handler                        0x08000151   Thumb Code     2  startup_stm32f10x_hd.o(.text)
    BusFault_Handler                         0x08000153   Thumb Code     2  startup_stm32f10x_hd.o(.text)
    UsageFault_Handler                       0x08000155   Thumb Code     2  startup_stm32f10x_hd.o(.text)
    SVC_Handler                              0x08000157   Thumb Code     2  startup_stm32f10x_hd.o(.text)
    DebugMon_Handler                         0x08000159   Thumb Code     2  startup_stm32f10x_hd.o(.text)
    PendSV_Handler                           0x0800015b   Thumb Code     2  startup_stm32f10x_hd.o(.text)
    ADC1_2_IRQHandler                        0x0800015f   Thumb Code     0  startup_stm32f10x_hd.o(.text)
    ADC3_IRQHandler                          0x0800015f   Thumb Code     0  startup_stm32f10x_hd.o(.text)
    CAN1_RX1_IRQHandler                      0x0800015f   Thumb Code     0  startup_stm32f10x_hd.o(.text)
    CAN1_SCE_IRQHandler                      0x0800015f   Thumb Code     0  startup_stm32f10x_hd.o(.text)
    DMA1_Channel1_IRQHandler                 0x0800015f   Thumb Code     0  startup_stm32f10x_hd.o(.text)
    DMA1_Channel2_IRQHandler                 0x0800015f   Thumb Code     0  startup_stm32f10x_hd.o(.text)
    DMA1_Channel3_IRQHandler                 0x0800015f   Thumb Code     0  startup_stm32f10x_hd.o(.text)
    DMA1_Channel5_IRQHandler                 0x0800015f   Thumb Code     0  startup_stm32f10x_hd.o(.text)
    DMA1_Channel6_IRQHandler                 0x0800015f   Thumb Code     0  startup_stm32f10x_hd.o(.text)
    DMA1_Channel7_IRQHandler                 0x0800015f   Thumb Code     0  startup_stm32f10x_hd.o(.text)
    DMA2_Channel1_IRQHandler                 0x0800015f   Thumb Code     0  startup_stm32f10x_hd.o(.text)
    DMA2_Channel2_IRQHandler                 0x0800015f   Thumb Code     0  startup_stm32f10x_hd.o(.text)
    DMA2_Channel3_IRQHandler                 0x0800015f   Thumb Code     0  startup_stm32f10x_hd.o(.text)
    DMA2_Channel4_5_IRQHandler               0x0800015f   Thumb Code     0  startup_stm32f10x_hd.o(.text)
    EXTI0_IRQHandler                         0x0800015f   Thumb Code     0  startup_stm32f10x_hd.o(.text)
    EXTI15_10_IRQHandler                     0x0800015f   Thumb Code     0  startup_stm32f10x_hd.o(.text)
    EXTI1_IRQHandler                         0x0800015f   Thumb Code     0  startup_stm32f10x_hd.o(.text)
    EXTI2_IRQHandler                         0x0800015f   Thumb Code     0  startup_stm32f10x_hd.o(.text)
    EXTI3_IRQHandler                         0x0800015f   Thumb Code     0  startup_stm32f10x_hd.o(.text)
    EXTI4_IRQHandler                         0x0800015f   Thumb Code     0  startup_stm32f10x_hd.o(.text)
    EXTI9_5_IRQHandler                       0x0800015f   Thumb Code     0  startup_stm32f10x_hd.o(.text)
    FLASH_IRQHandler                         0x0800015f   Thumb Code     0  startup_stm32f10x_hd.o(.text)
    FSMC_IRQHandler                          0x0800015f   Thumb Code     0  startup_stm32f10x_hd.o(.text)
    I2C1_ER_IRQHandler                       0x0800015f   Thumb Code     0  startup_stm32f10x_hd.o(.text)
    I2C1_EV_IRQHandler                       0x0800015f   Thumb Code     0  startup_stm32f10x_hd.o(.text)
    I2C2_ER_IRQHandler                       0x0800015f   Thumb Code     0  startup_stm32f10x_hd.o(.text)
    I2C2_EV_IRQHandler                       0x0800015f   Thumb Code     0  startup_stm32f10x_hd.o(.text)
    PVD_IRQHandler                           0x0800015f   Thumb Code     0  startup_stm32f10x_hd.o(.text)
    RCC_IRQHandler                           0x0800015f   Thumb Code     0  startup_stm32f10x_hd.o(.text)
    RTCAlarm_IRQHandler                      0x0800015f   Thumb Code     0  startup_stm32f10x_hd.o(.text)
    RTC_IRQHandler                           0x0800015f   Thumb Code     0  startup_stm32f10x_hd.o(.text)
    SDIO_IRQHandler                          0x0800015f   Thumb Code     0  startup_stm32f10x_hd.o(.text)
    SPI1_IRQHandler                          0x0800015f   Thumb Code     0  startup_stm32f10x_hd.o(.text)
    SPI2_IRQHandler                          0x0800015f   Thumb Code     0  startup_stm32f10x_hd.o(.text)
    SPI3_IRQHandler                          0x0800015f   Thumb Code     0  startup_stm32f10x_hd.o(.text)
    TAMPER_IRQHandler                        0x0800015f   Thumb Code     0  startup_stm32f10x_hd.o(.text)
    TIM1_BRK_IRQHandler                      0x0800015f   Thumb Code     0  startup_stm32f10x_hd.o(.text)
    TIM1_CC_IRQHandler                       0x0800015f   Thumb Code     0  startup_stm32f10x_hd.o(.text)
    TIM1_TRG_COM_IRQHandler                  0x0800015f   Thumb Code     0  startup_stm32f10x_hd.o(.text)
    TIM1_UP_IRQHandler                       0x0800015f   Thumb Code     0  startup_stm32f10x_hd.o(.text)
    TIM2_IRQHandler                          0x0800015f   Thumb Code     0  startup_stm32f10x_hd.o(.text)
    TIM3_IRQHandler                          0x0800015f   Thumb Code     0  startup_stm32f10x_hd.o(.text)
    TIM4_IRQHandler                          0x0800015f   Thumb Code     0  startup_stm32f10x_hd.o(.text)
    TIM5_IRQHandler                          0x0800015f   Thumb Code     0  startup_stm32f10x_hd.o(.text)
    TIM6_IRQHandler                          0x0800015f   Thumb Code     0  startup_stm32f10x_hd.o(.text)
    TIM7_IRQHandler                          0x0800015f   Thumb Code     0  startup_stm32f10x_hd.o(.text)
    TIM8_BRK_IRQHandler                      0x0800015f   Thumb Code     0  startup_stm32f10x_hd.o(.text)
    TIM8_CC_IRQHandler                       0x0800015f   Thumb Code     0  startup_stm32f10x_hd.o(.text)
    TIM8_TRG_COM_IRQHandler                  0x0800015f   Thumb Code     0  startup_stm32f10x_hd.o(.text)
    TIM8_UP_IRQHandler                       0x0800015f   Thumb Code     0  startup_stm32f10x_hd.o(.text)
    UART4_IRQHandler                         0x0800015f   Thumb Code     0  startup_stm32f10x_hd.o(.text)
    UART5_IRQHandler                         0x0800015f   Thumb Code     0  startup_stm32f10x_hd.o(.text)
    USART2_IRQHandler                        0x0800015f   Thumb Code     0  startup_stm32f10x_hd.o(.text)
    USART3_IRQHandler                        0x0800015f   Thumb Code     0  startup_stm32f10x_hd.o(.text)
    USBWakeUp_IRQHandler                     0x0800015f   Thumb Code     0  startup_stm32f10x_hd.o(.text)
    USB_HP_CAN1_TX_IRQHandler                0x0800015f   Thumb Code     0  startup_stm32f10x_hd.o(.text)
    USB_LP_CAN1_RX0_IRQHandler               0x0800015f   Thumb Code     0  startup_stm32f10x_hd.o(.text)
    WWDG_IRQHandler                          0x0800015f   Thumb Code     0  startup_stm32f10x_hd.o(.text)
    __aeabi_memcpy                           0x08000169   Thumb Code    36  memcpya.o(.text)
    __aeabi_memcpy4                          0x08000169   Thumb Code     0  memcpya.o(.text)
    __aeabi_memcpy8                          0x08000169   Thumb Code     0  memcpya.o(.text)
    __aeabi_memset                           0x0800018d   Thumb Code    14  memseta.o(.text)
    __aeabi_memset4                          0x0800018d   Thumb Code     0  memseta.o(.text)
    __aeabi_memset8                          0x0800018d   Thumb Code     0  memseta.o(.text)
    __aeabi_memclr                           0x0800019b   Thumb Code     4  memseta.o(.text)
    __aeabi_memclr4                          0x0800019b   Thumb Code     0  memseta.o(.text)
    __aeabi_memclr8                          0x0800019b   Thumb Code     0  memseta.o(.text)
    _memset$wrapper                          0x0800019f   Thumb Code    18  memseta.o(.text)
    __aeabi_dadd                             0x080001b1   Thumb Code   322  dadd.o(.text)
    __aeabi_dsub                             0x080002f3   Thumb Code     6  dadd.o(.text)
    __aeabi_drsub                            0x080002f9   Thumb Code     6  dadd.o(.text)
    __aeabi_dmul                             0x080002ff   Thumb Code   228  dmul.o(.text)
    __aeabi_ddiv                             0x080003e3   Thumb Code   222  ddiv.o(.text)
    __ARM_scalbn                             0x080004c1   Thumb Code    46  dscalb.o(.text)
    scalbn                                   0x080004c1   Thumb Code     0  dscalb.o(.text)
    __aeabi_i2d                              0x080004ef   Thumb Code    34  dflti.o(.text)
    __aeabi_ui2d                             0x08000511   Thumb Code    26  dfltui.o(.text)
    __aeabi_d2iz                             0x0800052b   Thumb Code    62  dfixi.o(.text)
    __aeabi_d2uiz                            0x08000569   Thumb Code    50  dfixui.o(.text)
    __aeabi_cdcmpeq                          0x0800059d   Thumb Code     0  cdcmple.o(.text)
    __aeabi_cdcmple                          0x0800059d   Thumb Code    38  cdcmple.o(.text)
    __aeabi_uidiv                            0x080005c5   Thumb Code     0  uidiv.o(.text)
    __aeabi_uidivmod                         0x080005c5   Thumb Code    44  uidiv.o(.text)
    __aeabi_uldivmod                         0x080005f1   Thumb Code    98  uldiv.o(.text)
    __aeabi_llsl                             0x08000653   Thumb Code    30  llshl.o(.text)
    _ll_shift_l                              0x08000653   Thumb Code     0  llshl.o(.text)
    __aeabi_llsr                             0x08000671   Thumb Code    32  llushr.o(.text)
    _ll_ushift_r                             0x08000671   Thumb Code     0  llushr.o(.text)
    __aeabi_lasr                             0x08000691   Thumb Code    36  llsshr.o(.text)
    _ll_sshift_r                             0x08000691   Thumb Code     0  llsshr.o(.text)
    __I$use$fp                               0x080006b5   Thumb Code     0  iusefp.o(.text)
    _double_round                            0x080006b5   Thumb Code    26  depilogue.o(.text)
    _double_epilogue                         0x080006cf   Thumb Code   156  depilogue.o(.text)
    _drnd                                    0x0800076d   Thumb Code   132  drnd.o(.text)
    __aeabi_d2ulz                            0x080007f5   Thumb Code    48  dfixul.o(.text)
    __aeabi_cdrcmple                         0x08000825   Thumb Code    38  cdrcmple.o(.text)
    __scatterload                            0x0800084d   Thumb Code    28  init.o(.text)
    __scatterload_rt2                        0x0800084d   Thumb Code     0  init.o(.text)
    ADC1_GPIO_Config                         0x08000871   Thumb Code    34  adc.o(i.ADC1_GPIO_Config)
    ADC1_Init                                0x08000899   Thumb Code    14  adc.o(i.ADC1_Init)
    ADC1_Mode_Config                         0x080008a9   Thumb Code   104  adc.o(i.ADC1_Mode_Config)
    ADC_Cmd                                  0x08000915   Thumb Code    20  stm32f10x_adc.o(i.ADC_Cmd)
    ADC_GetCalibrationStatus                 0x08000929   Thumb Code    14  stm32f10x_adc.o(i.ADC_GetCalibrationStatus)
    ADC_GetResetCalibrationStatus            0x08000937   Thumb Code    14  stm32f10x_adc.o(i.ADC_GetResetCalibrationStatus)
    ADC_Init                                 0x08000945   Thumb Code    62  stm32f10x_adc.o(i.ADC_Init)
    ADC_RegularChannelConfig                 0x0800098d   Thumb Code   116  stm32f10x_adc.o(i.ADC_RegularChannelConfig)
    ADC_ResetCalibration                     0x08000a01   Thumb Code    10  stm32f10x_adc.o(i.ADC_ResetCalibration)
    ADC_StartCalibration                     0x08000a0b   Thumb Code    10  stm32f10x_adc.o(i.ADC_StartCalibration)
    Config_Handler                           0x08000a15   Thumb Code    50  main.o(i.Config_Handler)
    DMA1_Channel4_IRQHandler                 0x08000a49   Thumb Code    64  main.o(i.DMA1_Channel4_IRQHandler)
    DMA_ClearFlag                            0x08000a95   Thumb Code    16  stm32f10x_dma.o(i.DMA_ClearFlag)
    DMA_Cmd                                  0x08000aad   Thumb Code    22  stm32f10x_dma.o(i.DMA_Cmd)
    DMA_Config                               0x08000ac5   Thumb Code   174  uart.o(i.DMA_Config)
    DMA_DeInit                               0x08000b81   Thumb Code   218  stm32f10x_dma.o(i.DMA_DeInit)
    DMA_GetCurrDataCounter                   0x08000c65   Thumb Code     6  stm32f10x_dma.o(i.DMA_GetCurrDataCounter)
    DMA_GetFlagStatus                        0x08000c6d   Thumb Code    24  stm32f10x_dma.o(i.DMA_GetFlagStatus)
    DMA_ITConfig                             0x08000c8d   Thumb Code    16  stm32f10x_dma.o(i.DMA_ITConfig)
    DMA_Init                                 0x08000c9d   Thumb Code    58  stm32f10x_dma.o(i.DMA_Init)
    FLASH_PrefetchBufferCmd                  0x08000cd9   Thumb Code    18  stm32f10x_flash.o(i.FLASH_PrefetchBufferCmd)
    FLASH_SetLatency                         0x08000cf1   Thumb Code    14  stm32f10x_flash.o(i.FLASH_SetLatency)
    GPIO_Configuration                       0x08000d05   Thumb Code   112  main.o(i.GPIO_Configuration)
    GPIO_Init                                0x08000d81   Thumb Code   156  stm32f10x_gpio.o(i.GPIO_Init)
    GPIO_PinRemapConfig                      0x08000e1d   Thumb Code    82  stm32f10x_gpio.o(i.GPIO_PinRemapConfig)
    GPIO_ReadInputDataBit                    0x08000e75   Thumb Code    14  stm32f10x_gpio.o(i.GPIO_ReadInputDataBit)
    GPIO_ReadOutputDataBit                   0x08000e83   Thumb Code    14  stm32f10x_gpio.o(i.GPIO_ReadOutputDataBit)
    GPIO_SetBits                             0x08000e91   Thumb Code     4  stm32f10x_gpio.o(i.GPIO_SetBits)
    GPIO_WriteBit                            0x08000e95   Thumb Code    10  stm32f10x_gpio.o(i.GPIO_WriteBit)
    Get_Rssi                                 0x08000ea1   Thumb Code    24  main.o(i.Get_Rssi)
    Get_Snr                                  0x08000ebd   Thumb Code    10  main.o(i.Get_Snr)
    MCU_Init                                 0x08000ec7   Thumb Code    34  main.o(i.MCU_Init)
    NVIC_Configuration                       0x08000ee9   Thumb Code    90  main.o(i.NVIC_Configuration)
    NVIC_Init                                0x08000f45   Thumb Code    94  misc.o(i.NVIC_Init)
    NVIC_PriorityGroupConfig                 0x08000fa9   Thumb Code    10  misc.o(i.NVIC_PriorityGroupConfig)
    NVIC_SetVectorTable                      0x08000fbd   Thumb Code    12  misc.o(i.NVIC_SetVectorTable)
    OnSlave                                  0x08000fd1   Thumb Code   106  main.o(i.OnSlave)
    RCC_ADCCLKConfig                         0x08001049   Thumb Code    14  stm32f10x_rcc.o(i.RCC_ADCCLKConfig)
    RCC_AHBPeriphClockCmd                    0x0800105d   Thumb Code    18  stm32f10x_rcc.o(i.RCC_AHBPeriphClockCmd)
    RCC_APB1PeriphClockCmd                   0x08001075   Thumb Code    18  stm32f10x_rcc.o(i.RCC_APB1PeriphClockCmd)
    RCC_APB2PeriphClockCmd                   0x0800108d   Thumb Code    18  stm32f10x_rcc.o(i.RCC_APB2PeriphClockCmd)
    RCC_Configuration                        0x080010a5   Thumb Code    98  main.o(i.RCC_Configuration)
    RCC_DeInit                               0x08001109   Thumb Code    50  stm32f10x_rcc.o(i.RCC_DeInit)
    RCC_GetClocksFreq                        0x08001149   Thumb Code   140  stm32f10x_rcc.o(i.RCC_GetClocksFreq)
    RCC_GetFlagStatus                        0x080011ed   Thumb Code    42  stm32f10x_rcc.o(i.RCC_GetFlagStatus)
    RCC_GetSYSCLKSource                      0x0800121d   Thumb Code    10  stm32f10x_rcc.o(i.RCC_GetSYSCLKSource)
    RCC_HCLKConfig                           0x0800122d   Thumb Code    14  stm32f10x_rcc.o(i.RCC_HCLKConfig)
    RCC_HSEConfig                            0x08001241   Thumb Code    48  stm32f10x_rcc.o(i.RCC_HSEConfig)
    RCC_PCLK1Config                          0x08001275   Thumb Code    14  stm32f10x_rcc.o(i.RCC_PCLK1Config)
    RCC_PCLK2Config                          0x08001289   Thumb Code    16  stm32f10x_rcc.o(i.RCC_PCLK2Config)
    RCC_PLLCmd                               0x0800129d   Thumb Code     6  stm32f10x_rcc.o(i.RCC_PLLCmd)
    RCC_PLLConfig                            0x080012a9   Thumb Code    16  stm32f10x_rcc.o(i.RCC_PLLConfig)
    RCC_SYSCLKConfig                         0x080012bd   Thumb Code    14  stm32f10x_rcc.o(i.RCC_SYSCLKConfig)
    RCC_WaitForHSEStartUp                    0x080012d1   Thumb Code    44  stm32f10x_rcc.o(i.RCC_WaitForHSEStartUp)
    RadioDriverInit                          0x080012fd   Thumb Code    28  radio.o(i.RadioDriverInit)
    SPI_Cmd                                  0x08001335   Thumb Code    20  stm32f10x_spi.o(i.SPI_Cmd)
    SPI_I2S_GetFlagStatus                    0x08001349   Thumb Code    14  stm32f10x_spi.o(i.SPI_I2S_GetFlagStatus)
    SPI_I2S_ReceiveData                      0x08001357   Thumb Code     4  stm32f10x_spi.o(i.SPI_I2S_ReceiveData)
    SPI_I2S_SendData                         0x0800135b   Thumb Code     4  stm32f10x_spi.o(i.SPI_I2S_SendData)
    SPI_Init                                 0x0800135f   Thumb Code    56  stm32f10x_spi.o(i.SPI_Init)
    SX1276FskGetPacketPayloadSize            0x08001399   Thumb Code    50  sx1276-fsk.o(i.SX1276FskGetPacketPayloadSize)
    SX1276FskGetRxPacket                     0x080013d1   Thumb Code    14  sx1276-fsk.o(i.SX1276FskGetRxPacket)
    SX1276FskProcess                         0x080013e9   Thumb Code   854  sx1276-fsk.o(i.SX1276FskProcess)
    SX1276FskReadAfc                         0x08001755   Thumb Code    44  sx1276-fsk.o(i.SX1276FskReadAfc)
    SX1276FskReadRssi                        0x08001789   Thumb Code    34  sx1276-fsk.o(i.SX1276FskReadRssi)
    SX1276FskReadRxGain                      0x080017b5   Thumb Code    22  sx1276-fsk.o(i.SX1276FskReadRxGain)
    SX1276FskSetOpMode                       0x080017d1   Thumb Code    64  sx1276-fsk.o(i.SX1276FskSetOpMode)
    SX1276FskSetRFState                      0x08001815   Thumb Code     6  sx1276-fsk.o(i.SX1276FskSetRFState)
    SX1276FskSetTxPacket                     0x08001821   Thumb Code    22  sx1276-fsk.o(i.SX1276FskSetTxPacket)
    SX1276GetRxPacket                        0x08001841   Thumb Code    14  sx1276.o(i.SX1276GetRxPacket)
    SX1276Init                               0x08001855   Thumb Code    38  sx1276.o(i.SX1276Init)
    SX1276InitIo                             0x0800188d   Thumb Code    98  sx1276-hal.o(i.SX1276InitIo)
    SX1276LoRaGetErrorCoding                 0x080018f5   Thumb Code    28  sx1276-loramisc.o(i.SX1276LoRaGetErrorCoding)
    SX1276LoRaGetPacketRssi                  0x08001919   Thumb Code     8  sx1276-lora.o(i.SX1276LoRaGetPacketRssi)
    SX1276LoRaGetPacketSnr                   0x08001925   Thumb Code     8  sx1276-lora.o(i.SX1276LoRaGetPacketSnr)
    SX1276LoRaGetRxPacket                    0x08001931   Thumb Code    14  sx1276-lora.o(i.SX1276LoRaGetRxPacket)
    SX1276LoRaGetSignalBandwidth             0x08001949   Thumb Code    26  sx1276-loramisc.o(i.SX1276LoRaGetSignalBandwidth)
    SX1276LoRaGetSpreadingFactor             0x0800196d   Thumb Code    26  sx1276-loramisc.o(i.SX1276LoRaGetSpreadingFactor)
    SX1276LoRaInit                           0x08001991   Thumb Code   152  sx1276-lora.o(i.SX1276LoRaInit)
    SX1276LoRaProcess                        0x08001a35   Thumb Code  1060  sx1276-lora.o(i.SX1276LoRaProcess)
    SX1276LoRaReadRxGain                     0x08001e59   Thumb Code    22  sx1276-lora.o(i.SX1276LoRaReadRxGain)
    SX1276LoRaSetDefaults                    0x08001e75   Thumb Code    12  sx1276-lora.o(i.SX1276LoRaSetDefaults)
    SX1276LoRaSetErrorCoding                 0x08001e85   Thumb Code    44  sx1276-loramisc.o(i.SX1276LoRaSetErrorCoding)
    SX1276LoRaSetImplicitHeaderOn            0x08001eb9   Thumb Code    40  sx1276-loramisc.o(i.SX1276LoRaSetImplicitHeaderOn)
    SX1276LoRaSetLowDatarateOptimize         0x08001ee9   Thumb Code    44  sx1276-loramisc.o(i.SX1276LoRaSetLowDatarateOptimize)
    SX1276LoRaSetNbTrigPeaks                 0x08001f19   Thumb Code    40  sx1276-loramisc.o(i.SX1276LoRaSetNbTrigPeaks)
    SX1276LoRaSetOpMode                      0x08001f45   Thumb Code    64  sx1276-lora.o(i.SX1276LoRaSetOpMode)
    SX1276LoRaSetPAOutput                    0x08001f89   Thumb Code    38  sx1276-loramisc.o(i.SX1276LoRaSetPAOutput)
    SX1276LoRaSetPa20dBm                     0x08001fb5   Thumb Code    62  sx1276-loramisc.o(i.SX1276LoRaSetPa20dBm)
    SX1276LoRaSetPacketCrcOn                 0x08001ff9   Thumb Code    44  sx1276-loramisc.o(i.SX1276LoRaSetPacketCrcOn)
    SX1276LoRaSetPayloadLength               0x0800202d   Thumb Code    26  sx1276-loramisc.o(i.SX1276LoRaSetPayloadLength)
    SX1276LoRaSetRFFrequency                 0x08002051   Thumb Code    50  sx1276-loramisc.o(i.SX1276LoRaSetRFFrequency)
    SX1276LoRaSetRFPower                     0x08002091   Thumb Code   146  sx1276-loramisc.o(i.SX1276LoRaSetRFPower)
    SX1276LoRaSetRFState                     0x0800212d   Thumb Code     6  sx1276-lora.o(i.SX1276LoRaSetRFState)
    SX1276LoRaSetSignalBandwidth             0x08002139   Thumb Code    40  sx1276-loramisc.o(i.SX1276LoRaSetSignalBandwidth)
    SX1276LoRaSetSpreadingFactor             0x08002169   Thumb Code    74  sx1276-loramisc.o(i.SX1276LoRaSetSpreadingFactor)
    SX1276LoRaSetSymbTimeout                 0x080021bd   Thumb Code    52  sx1276-loramisc.o(i.SX1276LoRaSetSymbTimeout)
    SX1276LoRaSetTxPacket                    0x080021f5   Thumb Code    22  sx1276-lora.o(i.SX1276LoRaSetTxPacket)
    SX1276Process                            0x08002215   Thumb Code    14  sx1276.o(i.SX1276Process)
    SX1276Read                               0x08002229   Thumb Code     6  sx1276-hal.o(i.SX1276Read)
    SX1276ReadBuffer                         0x08002231   Thumb Code    70  sx1276-hal.o(i.SX1276ReadBuffer)
    SX1276ReadDio0                           0x0800227d   Thumb Code    10  sx1276-hal.o(i.SX1276ReadDio0)
    SX1276ReadDio1                           0x0800228d   Thumb Code    10  sx1276-hal.o(i.SX1276ReadDio1)
    SX1276ReadDio2                           0x0800229d   Thumb Code     8  sx1276-hal.o(i.SX1276ReadDio2)
    SX1276ReadDio3                           0x080022a9   Thumb Code     8  sx1276-hal.o(i.SX1276ReadDio3)
    SX1276ReadDio4                           0x080022b5   Thumb Code     8  sx1276-hal.o(i.SX1276ReadDio4)
    SX1276ReadFifo                           0x080022c1   Thumb Code    10  sx1276-hal.o(i.SX1276ReadFifo)
    SX1276Reset                              0x080022cd   Thumb Code    36  sx1276.o(i.SX1276Reset)
    SX1276SetLoRaOn                          0x080022f5   Thumb Code   114  sx1276.o(i.SX1276SetLoRaOn)
    SX1276SetReset                           0x08002375   Thumb Code    52  sx1276-hal.o(i.SX1276SetReset)
    SX1276SetTxPacket                        0x080023ad   Thumb Code    14  sx1276.o(i.SX1276SetTxPacket)
    SX1276StartRx                            0x080023c1   Thumb Code    20  sx1276.o(i.SX1276StartRx)
    SX1276Write                              0x080023d9   Thumb Code    12  sx1276-hal.o(i.SX1276Write)
    SX1276WriteBuffer                        0x080023e5   Thumb Code    68  sx1276-hal.o(i.SX1276WriteBuffer)
    SX1276WriteFifo                          0x0800242d   Thumb Code    10  sx1276-hal.o(i.SX1276WriteFifo)
    SX1276WriteRxTx                          0x08002439   Thumb Code    46  sx1276-hal.o(i.SX1276WriteRxTx)
    Send_Data                                0x08002471   Thumb Code    62  main.o(i.Send_Data)
    SpiInOut                                 0x0800255d   Thumb Code    34  spi.o(i.SpiInOut)
    SpiInit                                  0x08002585   Thumb Code   168  spi.o(i.SpiInit)
    SysTick_Handler                          0x08002639   Thumb Code    10  main.o(i.SysTick_Handler)
    SysTick_Init                             0x08002649   Thumb Code    50  main.o(i.SysTick_Init)
    SystemInit                               0x08002685   Thumb Code    64  system_stm32f10x.o(i.SystemInit)
    USART1_IRQHandler                        0x080026d5   Thumb Code   114  main.o(i.USART1_IRQHandler)
    USART_Cmd                                0x08002759   Thumb Code    20  stm32f10x_usart.o(i.USART_Cmd)
    USART_Config                             0x0800276d   Thumb Code   152  uart.o(i.USART_Config)
    USART_DMACmd                             0x0800280d   Thumb Code    16  stm32f10x_usart.o(i.USART_DMACmd)
    USART_GetFlagStatus                      0x0800281d   Thumb Code    14  stm32f10x_usart.o(i.USART_GetFlagStatus)
    USART_GetITStatus                        0x0800282b   Thumb Code    62  stm32f10x_usart.o(i.USART_GetITStatus)
    USART_ITConfig                           0x08002869   Thumb Code    48  stm32f10x_usart.o(i.USART_ITConfig)
    USART_Init                               0x08002899   Thumb Code   166  stm32f10x_usart.o(i.USART_Init)
    USART_SendData                           0x08002945   Thumb Code     8  stm32f10x_usart.o(i.USART_SendData)
    __0printf                                0x0800294d   Thumb Code    22  printfa.o(i.__0printf)
    __1printf                                0x0800294d   Thumb Code     0  printfa.o(i.__0printf)
    __2printf                                0x0800294d   Thumb Code     0  printfa.o(i.__0printf)
    __c89printf                              0x0800294d   Thumb Code     0  printfa.o(i.__0printf)
    printf                                   0x0800294d   Thumb Code     0  printfa.o(i.__0printf)
    __0sprintf                               0x0800296d   Thumb Code    34  printfa.o(i.__0sprintf)
    __1sprintf                               0x0800296d   Thumb Code     0  printfa.o(i.__0sprintf)
    __2sprintf                               0x0800296d   Thumb Code     0  printfa.o(i.__0sprintf)
    __c89sprintf                             0x0800296d   Thumb Code     0  printfa.o(i.__0sprintf)
    sprintf                                  0x0800296d   Thumb Code     0  printfa.o(i.__0sprintf)
    __scatterload_copy                       0x08002995   Thumb Code    14  handlers.o(i.__scatterload_copy)
    __scatterload_null                       0x080029a3   Thumb Code     2  handlers.o(i.__scatterload_null)
    __scatterload_zeroinit                   0x080029a5   Thumb Code    14  handlers.o(i.__scatterload_zeroinit)
    fputc                                    0x08003251   Thumb Code    30  uart.o(i.fputc)
    main                                     0x08003275   Thumb Code    78  main.o(i.main)
    round                                    0x080032d5   Thumb Code   136  round.o(i.round)
    HoppingFrequencies                       0x08003368   Data         204  sx1276-lora.o(.constdata)
    Region$$Table$$Base                      0x08003434   Number         0  anon$$obj.o(Region$$Table)
    Region$$Table$$Limit                     0x08003454   Number         0  anon$$obj.o(Region$$Table)
    SystemCoreClock                          0x20000000   Data           4  system_stm32f10x.o(.data)
    AHBPrescTable                            0x20000004   Data          16  system_stm32f10x.o(.data)
    receive_flag                             0x20000028   Data           1  main.o(.data)
    num                                      0x2000002c   Data           2  main.o(.data)
    TickCounter                              0x20000030   Data           4  main.o(.data)
    Radio                                    0x20000034   Data           4  main.o(.data)
    SX1276LR                                 0x20000050   Data           4  sx1276-lora.o(.data)
    LoRaSettings                             0x20000060   Data          28  sx1276-lora.o(.data)
    SX1276                                   0x2000009c   Data           4  sx1276-fsk.o(.data)
    FskSettings                              0x200000b8   Data          28  sx1276-fsk.o(.data)
    __stdout                                 0x200000d4   Data           4  stdout.o(.data)
    SX1276Regs                               0x20000158   Data         112  sx1276.o(.bss)
    RadioDriver                              0x200003c8   Data          24  radio.o(.bss)
    SendBuff                                 0x200003e0   Data         128  uart.o(.bss)
    ReceiveBuff                              0x20000460   Data         128  uart.o(.bss)
    __initial_sp                             0x200008e0   Data           0  startup_stm32f10x_hd.o(STACK)



==============================================================================

Memory Map of the image

  Image Entry point : 0x08000131

  Load Region LR_IROM1 (Base: 0x08000000, Size: 0x0000352c, Max: 0x00010000, ABSOLUTE)

    Execution Region ER_IROM1 (Base: 0x08000000, Size: 0x00003454, Max: 0x00010000, ABSOLUTE)

    Base Addr    Size         Type   Attr      Idx    E Section Name        Object

    0x08000000   0x00000130   Data   RO            8    RESET               startup_stm32f10x_hd.o
    0x08000130   0x00000000   Code   RO          508  * .ARM.Collect$$$$00000000  mc_w.l(entry.o)
    0x08000130   0x00000004   Code   RO          664    .ARM.Collect$$$$00000001  mc_w.l(entry2.o)
    0x08000134   0x00000004   Code   RO          667    .ARM.Collect$$$$00000004  mc_w.l(entry5.o)
    0x08000138   0x00000000   Code   RO          669    .ARM.Collect$$$$00000008  mc_w.l(entry7b.o)
    0x08000138   0x00000000   Code   RO          671    .ARM.Collect$$$$0000000A  mc_w.l(entry8b.o)
    0x08000138   0x00000008   Code   RO          672    .ARM.Collect$$$$0000000B  mc_w.l(entry9a.o)
    0x08000140   0x00000000   Code   RO          674    .ARM.Collect$$$$0000000D  mc_w.l(entry10a.o)
    0x08000140   0x00000000   Code   RO          676    .ARM.Collect$$$$0000000F  mc_w.l(entry11a.o)
    0x08000140   0x00000004   Code   RO          665    .ARM.Collect$$$$00002712  mc_w.l(entry2.o)
    0x08000144   0x00000024   Code   RO            9    .text               startup_stm32f10x_hd.o
    0x08000168   0x00000024   Code   RO          513    .text               mc_w.l(memcpya.o)
    0x0800018c   0x00000024   Code   RO          514    .text               mc_w.l(memseta.o)
    0x080001b0   0x0000014e   Code   RO          647    .text               mf_w.l(dadd.o)
    0x080002fe   0x000000e4   Code   RO          648    .text               mf_w.l(dmul.o)
    0x080003e2   0x000000de   Code   RO          649    .text               mf_w.l(ddiv.o)
    0x080004c0   0x0000002e   Code   RO          650    .text               mf_w.l(dscalb.o)
    0x080004ee   0x00000022   Code   RO          651    .text               mf_w.l(dflti.o)
    0x08000510   0x0000001a   Code   RO          652    .text               mf_w.l(dfltui.o)
    0x0800052a   0x0000003e   Code   RO          653    .text               mf_w.l(dfixi.o)
    0x08000568   0x00000032   Code   RO          654    .text               mf_w.l(dfixui.o)
    0x0800059a   0x00000002   PAD
    0x0800059c   0x00000028   Code   RO          655    .text               mf_w.l(cdcmple.o)
    0x080005c4   0x0000002c   Code   RO          679    .text               mc_w.l(uidiv.o)
    0x080005f0   0x00000062   Code   RO          680    .text               mc_w.l(uldiv.o)
    0x08000652   0x0000001e   Code   RO          681    .text               mc_w.l(llshl.o)
    0x08000670   0x00000020   Code   RO          682    .text               mc_w.l(llushr.o)
    0x08000690   0x00000024   Code   RO          683    .text               mc_w.l(llsshr.o)
    0x080006b4   0x00000000   Code   RO          688    .text               mc_w.l(iusefp.o)
    0x080006b4   0x000000b6   Code   RO          689    .text               mf_w.l(depilogue.o)
    0x0800076a   0x00000002   PAD
    0x0800076c   0x00000088   Code   RO          690    .text               mf_w.l(drnd.o)
    0x080007f4   0x00000030   Code   RO          691    .text               mf_w.l(dfixul.o)
    0x08000824   0x00000028   Code   RO          692    .text               mf_w.l(cdrcmple.o)
    0x0800084c   0x00000024   Code   RO          693    .text               mc_w.l(init.o)
    0x08000870   0x00000028   Code   RO          495    i.ADC1_GPIO_Config  adc.o
    0x08000898   0x0000000e   Code   RO          496    i.ADC1_Init         adc.o
    0x080008a6   0x00000002   PAD
    0x080008a8   0x0000006c   Code   RO          497    i.ADC1_Mode_Config  adc.o
    0x08000914   0x00000014   Code   RO          266    i.ADC_Cmd           stm32f10x_adc.o
    0x08000928   0x0000000e   Code   RO          274    i.ADC_GetCalibrationStatus  stm32f10x_adc.o
    0x08000936   0x0000000e   Code   RO          280    i.ADC_GetResetCalibrationStatus  stm32f10x_adc.o
    0x08000944   0x00000048   Code   RO          284    i.ADC_Init          stm32f10x_adc.o
    0x0800098c   0x00000074   Code   RO          288    i.ADC_RegularChannelConfig  stm32f10x_adc.o
    0x08000a00   0x0000000a   Code   RO          289    i.ADC_ResetCalibration  stm32f10x_adc.o
    0x08000a0a   0x0000000a   Code   RO          293    i.ADC_StartCalibration  stm32f10x_adc.o
    0x08000a14   0x00000032   Code   RO          302    i.Config_Handler    main.o
    0x08000a46   0x00000002   PAD
    0x08000a48   0x0000004c   Code   RO          304    i.DMA1_Channel4_IRQHandler  main.o
    0x08000a94   0x00000018   Code   RO          249    i.DMA_ClearFlag     stm32f10x_dma.o
    0x08000aac   0x00000016   Code   RO          251    i.DMA_Cmd           stm32f10x_dma.o
    0x08000ac2   0x00000002   PAD
    0x08000ac4   0x000000bc   Code   RO          489    i.DMA_Config        uart.o
    0x08000b80   0x000000e4   Code   RO          252    i.DMA_DeInit        stm32f10x_dma.o
    0x08000c64   0x00000006   Code   RO          253    i.DMA_GetCurrDataCounter  stm32f10x_dma.o
    0x08000c6a   0x00000002   PAD
    0x08000c6c   0x00000020   Code   RO          254    i.DMA_GetFlagStatus  stm32f10x_dma.o
    0x08000c8c   0x00000010   Code   RO          256    i.DMA_ITConfig      stm32f10x_dma.o
    0x08000c9c   0x0000003a   Code   RO          257    i.DMA_Init          stm32f10x_dma.o
    0x08000cd6   0x00000002   PAD
    0x08000cd8   0x00000018   Code   RO          219    i.FLASH_PrefetchBufferCmd  stm32f10x_flash.o
    0x08000cf0   0x00000014   Code   RO          224    i.FLASH_SetLatency  stm32f10x_flash.o
    0x08000d04   0x0000007c   Code   RO          309    i.GPIO_Configuration  main.o
    0x08000d80   0x0000009c   Code   RO          134    i.GPIO_Init         stm32f10x_gpio.o
    0x08000e1c   0x00000058   Code   RO          136    i.GPIO_PinRemapConfig  stm32f10x_gpio.o
    0x08000e74   0x0000000e   Code   RO          138    i.GPIO_ReadInputDataBit  stm32f10x_gpio.o
    0x08000e82   0x0000000e   Code   RO          140    i.GPIO_ReadOutputDataBit  stm32f10x_gpio.o
    0x08000e90   0x00000004   Code   RO          142    i.GPIO_SetBits      stm32f10x_gpio.o
    0x08000e94   0x0000000a   Code   RO          145    i.GPIO_WriteBit     stm32f10x_gpio.o
    0x08000e9e   0x00000002   PAD
    0x08000ea0   0x0000001c   Code   RO          311    i.Get_Rssi          main.o
    0x08000ebc   0x0000000a   Code   RO          312    i.Get_Snr           main.o
    0x08000ec6   0x00000022   Code   RO          315    i.MCU_Init          main.o
    0x08000ee8   0x0000005a   Code   RO          316    i.NVIC_Configuration  main.o
    0x08000f42   0x00000002   PAD
    0x08000f44   0x00000064   Code   RO          230    i.NVIC_Init         misc.o
    0x08000fa8   0x00000014   Code   RO          231    i.NVIC_PriorityGroupConfig  misc.o
    0x08000fbc   0x00000014   Code   RO          232    i.NVIC_SetVectorTable  misc.o
    0x08000fd0   0x00000078   Code   RO          318    i.OnSlave           main.o
    0x08001048   0x00000014   Code   RO          146    i.RCC_ADCCLKConfig  stm32f10x_rcc.o
    0x0800105c   0x00000018   Code   RO          147    i.RCC_AHBPeriphClockCmd  stm32f10x_rcc.o
    0x08001074   0x00000018   Code   RO          148    i.RCC_APB1PeriphClockCmd  stm32f10x_rcc.o
    0x0800108c   0x00000018   Code   RO          150    i.RCC_APB2PeriphClockCmd  stm32f10x_rcc.o
    0x080010a4   0x00000062   Code   RO          321    i.RCC_Configuration  main.o
    0x08001106   0x00000002   PAD
    0x08001108   0x00000040   Code   RO          157    i.RCC_DeInit        stm32f10x_rcc.o
    0x08001148   0x000000a4   Code   RO          158    i.RCC_GetClocksFreq  stm32f10x_rcc.o
    0x080011ec   0x00000030   Code   RO          159    i.RCC_GetFlagStatus  stm32f10x_rcc.o
    0x0800121c   0x00000010   Code   RO          161    i.RCC_GetSYSCLKSource  stm32f10x_rcc.o
    0x0800122c   0x00000014   Code   RO          162    i.RCC_HCLKConfig    stm32f10x_rcc.o
    0x08001240   0x00000034   Code   RO          163    i.RCC_HSEConfig     stm32f10x_rcc.o
    0x08001274   0x00000014   Code   RO          169    i.RCC_PCLK1Config   stm32f10x_rcc.o
    0x08001288   0x00000014   Code   RO          170    i.RCC_PCLK2Config   stm32f10x_rcc.o
    0x0800129c   0x0000000c   Code   RO          171    i.RCC_PLLCmd        stm32f10x_rcc.o
    0x080012a8   0x00000014   Code   RO          172    i.RCC_PLLConfig     stm32f10x_rcc.o
    0x080012bc   0x00000014   Code   RO          175    i.RCC_SYSCLKConfig  stm32f10x_rcc.o
    0x080012d0   0x0000002c   Code   RO          177    i.RCC_WaitForHSEStartUp  stm32f10x_rcc.o
    0x080012fc   0x00000038   Code   RO          487    i.RadioDriverInit   radio.o
    0x08001334   0x00000014   Code   RO          184    i.SPI_Cmd           stm32f10x_spi.o
    0x08001348   0x0000000e   Code   RO          192    i.SPI_I2S_GetFlagStatus  stm32f10x_spi.o
    0x08001356   0x00000004   Code   RO          195    i.SPI_I2S_ReceiveData  stm32f10x_spi.o
    0x0800135a   0x00000004   Code   RO          196    i.SPI_I2S_SendData  stm32f10x_spi.o
    0x0800135e   0x00000038   Code   RO          197    i.SPI_Init          stm32f10x_spi.o
    0x08001396   0x00000002   PAD
    0x08001398   0x00000038   Code   RO          381    i.SX1276FskGetPacketPayloadSize  sx1276-fsk.o
    0x080013d0   0x00000018   Code   RO          385    i.SX1276FskGetRxPacket  sx1276-fsk.o
    0x080013e8   0x0000036c   Code   RO          387    i.SX1276FskProcess  sx1276-fsk.o
    0x08001754   0x00000034   Code   RO          388    i.SX1276FskReadAfc  sx1276-fsk.o
    0x08001788   0x0000002c   Code   RO          390    i.SX1276FskReadRssi  sx1276-fsk.o
    0x080017b4   0x0000001c   Code   RO          391    i.SX1276FskReadRxGain  sx1276-fsk.o
    0x080017d0   0x00000044   Code   RO          393    i.SX1276FskSetOpMode  sx1276-fsk.o
    0x08001814   0x0000000c   Code   RO          394    i.SX1276FskSetRFState  sx1276-fsk.o
    0x08001820   0x00000020   Code   RO          395    i.SX1276FskSetTxPacket  sx1276-fsk.o
    0x08001840   0x00000014   Code   RO          346    i.SX1276GetRxPacket  sx1276.o
    0x08001854   0x00000038   Code   RO          347    i.SX1276Init        sx1276.o
    0x0800188c   0x00000068   Code   RO          469    i.SX1276InitIo      sx1276-hal.o
    0x080018f4   0x00000024   Code   RO          399    i.SX1276LoRaGetErrorCoding  sx1276-loramisc.o
    0x08001918   0x0000000c   Code   RO          360    i.SX1276LoRaGetPacketRssi  sx1276-lora.o
    0x08001924   0x0000000c   Code   RO          362    i.SX1276LoRaGetPacketSnr  sx1276-lora.o
    0x08001930   0x00000018   Code   RO          364    i.SX1276LoRaGetRxPacket  sx1276-lora.o
    0x08001948   0x00000024   Code   RO          415    i.SX1276LoRaGetSignalBandwidth  sx1276-loramisc.o
    0x0800196c   0x00000024   Code   RO          416    i.SX1276LoRaGetSpreadingFactor  sx1276-loramisc.o
    0x08001990   0x000000a4   Code   RO          365    i.SX1276LoRaInit    sx1276-lora.o
    0x08001a34   0x00000424   Code   RO          366    i.SX1276LoRaProcess  sx1276-lora.o
    0x08001e58   0x0000001c   Code   RO          368    i.SX1276LoRaReadRxGain  sx1276-lora.o
    0x08001e74   0x00000010   Code   RO          370    i.SX1276LoRaSetDefaults  sx1276-lora.o
    0x08001e84   0x00000034   Code   RO          419    i.SX1276LoRaSetErrorCoding  sx1276-loramisc.o
    0x08001eb8   0x00000030   Code   RO          422    i.SX1276LoRaSetImplicitHeaderOn  sx1276-loramisc.o
    0x08001ee8   0x00000030   Code   RO          423    i.SX1276LoRaSetLowDatarateOptimize  sx1276-loramisc.o
    0x08001f18   0x0000002c   Code   RO          424    i.SX1276LoRaSetNbTrigPeaks  sx1276-loramisc.o
    0x08001f44   0x00000044   Code   RO          371    i.SX1276LoRaSetOpMode  sx1276-lora.o
    0x08001f88   0x0000002c   Code   RO          425    i.SX1276LoRaSetPAOutput  sx1276-loramisc.o
    0x08001fb4   0x00000044   Code   RO          426    i.SX1276LoRaSetPa20dBm  sx1276-loramisc.o
    0x08001ff8   0x00000034   Code   RO          428    i.SX1276LoRaSetPacketCrcOn  sx1276-loramisc.o
    0x0800202c   0x00000024   Code   RO          429    i.SX1276LoRaSetPayloadLength  sx1276-loramisc.o
    0x08002050   0x00000040   Code   RO          431    i.SX1276LoRaSetRFFrequency  sx1276-loramisc.o
    0x08002090   0x0000009c   Code   RO          432    i.SX1276LoRaSetRFPower  sx1276-loramisc.o
    0x0800212c   0x0000000c   Code   RO          372    i.SX1276LoRaSetRFState  sx1276-lora.o
    0x08002138   0x00000030   Code   RO          435    i.SX1276LoRaSetSignalBandwidth  sx1276-loramisc.o
    0x08002168   0x00000054   Code   RO          436    i.SX1276LoRaSetSpreadingFactor  sx1276-loramisc.o
    0x080021bc   0x00000038   Code   RO          437    i.SX1276LoRaSetSymbTimeout  sx1276-loramisc.o
    0x080021f4   0x00000020   Code   RO          373    i.SX1276LoRaSetTxPacket  sx1276-lora.o
    0x08002214   0x00000014   Code   RO          348    i.SX1276Process     sx1276.o
    0x08002228   0x00000006   Code   RO          470    i.SX1276Read        sx1276-hal.o
    0x0800222e   0x00000002   PAD
    0x08002230   0x0000004c   Code   RO          471    i.SX1276ReadBuffer  sx1276-hal.o
    0x0800227c   0x00000010   Code   RO          478    i.SX1276ReadDio0    sx1276-hal.o
    0x0800228c   0x00000010   Code   RO          479    i.SX1276ReadDio1    sx1276-hal.o
    0x0800229c   0x0000000c   Code   RO          480    i.SX1276ReadDio2    sx1276-hal.o
    0x080022a8   0x0000000c   Code   RO          481    i.SX1276ReadDio3    sx1276-hal.o
    0x080022b4   0x0000000c   Code   RO          482    i.SX1276ReadDio4    sx1276-hal.o
    0x080022c0   0x0000000a   Code   RO          472    i.SX1276ReadFifo    sx1276-hal.o
    0x080022ca   0x00000002   PAD
    0x080022cc   0x00000028   Code   RO          351    i.SX1276Reset       sx1276.o
    0x080022f4   0x00000080   Code   RO          352    i.SX1276SetLoRaOn   sx1276.o
    0x08002374   0x00000038   Code   RO          473    i.SX1276SetReset    sx1276-hal.o
    0x080023ac   0x00000014   Code   RO          355    i.SX1276SetTxPacket  sx1276.o
    0x080023c0   0x00000018   Code   RO          356    i.SX1276StartRx     sx1276.o
    0x080023d8   0x0000000c   Code   RO          474    i.SX1276Write       sx1276-hal.o
    0x080023e4   0x00000048   Code   RO          475    i.SX1276WriteBuffer  sx1276-hal.o
    0x0800242c   0x0000000a   Code   RO          476    i.SX1276WriteFifo   sx1276-hal.o
    0x08002436   0x00000002   PAD
    0x08002438   0x00000038   Code   RO          484    i.SX1276WriteRxTx   sx1276-hal.o
    0x08002470   0x00000044   Code   RO          323    i.Send_Data         main.o
    0x080024b4   0x000000a8   Code   RO            2    i.SetSysClockTo72   system_stm32f10x.o
    0x0800255c   0x00000028   Code   RO          485    i.SpiInOut          spi.o
    0x08002584   0x000000b4   Code   RO          486    i.SpiInit           spi.o
    0x08002638   0x00000010   Code   RO          324    i.SysTick_Handler   main.o
    0x08002648   0x0000003c   Code   RO          325    i.SysTick_Init      main.o
    0x08002684   0x00000050   Code   RO            4    i.SystemInit        system_stm32f10x.o
    0x080026d4   0x00000084   Code   RO          327    i.USART1_IRQHandler  main.o
    0x08002758   0x00000014   Code   RO          103    i.USART_Cmd         stm32f10x_usart.o
    0x0800276c   0x000000a0   Code   RO          491    i.USART_Config      uart.o
    0x0800280c   0x00000010   Code   RO          104    i.USART_DMACmd      stm32f10x_usart.o
    0x0800281c   0x0000000e   Code   RO          106    i.USART_GetFlagStatus  stm32f10x_usart.o
    0x0800282a   0x0000003e   Code   RO          107    i.USART_GetITStatus  stm32f10x_usart.o
    0x08002868   0x00000030   Code   RO          109    i.USART_ITConfig    stm32f10x_usart.o
    0x08002898   0x000000ac   Code   RO          110    i.USART_Init        stm32f10x_usart.o
    0x08002944   0x00000008   Code   RO          120    i.USART_SendData    stm32f10x_usart.o
    0x0800294c   0x00000020   Code   RO          633    i.__0printf         mc_w.l(printfa.o)
    0x0800296c   0x00000028   Code   RO          635    i.__0sprintf        mc_w.l(printfa.o)
    0x08002994   0x0000000e   Code   RO          697    i.__scatterload_copy  mc_w.l(handlers.o)
    0x080029a2   0x00000002   Code   RO          698    i.__scatterload_null  mc_w.l(handlers.o)
    0x080029a4   0x0000000e   Code   RO          699    i.__scatterload_zeroinit  mc_w.l(handlers.o)
    0x080029b2   0x00000002   PAD
    0x080029b4   0x00000164   Code   RO          640    i._fp_digits        mc_w.l(printfa.o)
    0x08002b18   0x000006dc   Code   RO          641    i._printf_core      mc_w.l(printfa.o)
    0x080031f4   0x00000024   Code   RO          642    i._printf_post_padding  mc_w.l(printfa.o)
    0x08003218   0x0000002e   Code   RO          643    i._printf_pre_padding  mc_w.l(printfa.o)
    0x08003246   0x0000000a   Code   RO          645    i._sputc            mc_w.l(printfa.o)
    0x08003250   0x00000024   Code   RO          493    i.fputc             uart.o
    0x08003274   0x00000060   Code   RO          328    i.main              main.o
    0x080032d4   0x00000094   Code   RO          507    i.round             m_ws.l(round.o)
    0x08003368   0x000000cc   Data   RO          376    .constdata          sx1276-lora.o
    0x08003434   0x00000020   Data   RO          695    Region$$Table       anon$$obj.o


    Execution Region RW_IRAM1 (Base: 0x20000000, Size: 0x000008e0, Max: 0x00005000, ABSOLUTE)

    Base Addr    Size         Type   Attr      Idx    E Section Name        Object

    0x20000000   0x00000014   Data   RW            5    .data               system_stm32f10x.o
    0x20000014   0x00000014   Data   RW          178    .data               stm32f10x_rcc.o
    0x20000028   0x00000010   Data   RW          334    .data               main.o
    0x20000038   0x00000002   Data   RW          358    .data               sx1276.o
    0x2000003a   0x00000006   PAD
    0x20000040   0x0000003c   Data   RW          377    .data               sx1276-lora.o
    0x2000007c   0x00000004   PAD
    0x20000080   0x00000054   Data   RW          398    .data               sx1276-fsk.o
    0x200000d4   0x00000004   Data   RW          678    .data               mc_w.l(stdout.o)
    0x200000d8   0x00000080   Zero   RW          329    .bss                main.o
    0x20000158   0x00000070   Zero   RW          357    .bss                sx1276.o
    0x200001c8   0x00000100   Zero   RW          375    .bss                sx1276-lora.o
    0x200002c8   0x00000100   Zero   RW          397    .bss                sx1276-fsk.o
    0x200003c8   0x00000018   Zero   RW          488    .bss                radio.o
    0x200003e0   0x00000100   Zero   RW          494    .bss                uart.o
    0x200004e0   0x00000400   Zero   RW            6    STACK               startup_stm32f10x_hd.o


==============================================================================

Image component sizes


      Code (inc. data)   RO Data    RW Data    ZI Data      Debug   Object Name

       162         10          0          0          0          0   adc.o
      1002        100          0         16        128          0   main.o
       140         24          0          0          0          0   misc.o
        56         28          0          0         24          0   radio.o
       220         18          0          0          0          0   spi.o
        36          8        304          0       1024          0   startup_stm32f10x_hd.o
       256         10          0          0          0          0   stm32f10x_adc.o
       386         26          0          0          0          0   stm32f10x_dma.o
        44         12          0          0          0          0   stm32f10x_flash.o
       286          6          0          0          0          0   stm32f10x_gpio.o
       592        110          0         20          0          0   stm32f10x_rcc.o
        98          0          0          0          0          0   stm32f10x_spi.o
       340          6          0          0          0          0   stm32f10x_usart.o
      1192         94          0         84        256          0   sx1276-fsk.o
       470         54          0          0          0          0   sx1276-hal.o
      1428        108        204         60        256          0   sx1276-lora.o
       908        128          0          0          0          0   sx1276-loramisc.o
       308         58          0          2        112          0   sx1276.o
       248         24          0         20          0          0   system_stm32f10x.o
       384         28          0          0        256          0   uart.o

    ----------------------------------------------------------------------
      8580        852        540        212       2056          0   Object Totals
         0          0         32          0          0          0   (incl. Generated)
        24          0          0         10          0          0   (incl. Padding)

    ----------------------------------------------------------------------

      Code (inc. data)   RO Data    RW Data    ZI Data      Debug   Library Member Name

       148         12          0          0          0          0   round.o
         0          0          0          0          0          0   entry.o
         0          0          0          0          0          0   entry10a.o
         0          0          0          0          0          0   entry11a.o
         8          4          0          0          0          0   entry2.o
         4          0          0          0          0          0   entry5.o
         0          0          0          0          0          0   entry7b.o
         0          0          0          0          0          0   entry8b.o
         8          4          0          0          0          0   entry9a.o
        30          0          0          0          0          0   handlers.o
        36          8          0          0          0          0   init.o
         0          0          0          0          0          0   iusefp.o
        30          0          0          0          0          0   llshl.o
        36          0          0          0          0          0   llsshr.o
        32          0          0          0          0          0   llushr.o
        36          0          0          0          0          0   memcpya.o
        36          0          0          0          0          0   memseta.o
      2276         96          0          0          0          0   printfa.o
         0          0          0          4          0          0   stdout.o
        44          0          0          0          0          0   uidiv.o
        98          0          0          0          0          0   uldiv.o
        40          2          0          0          0          0   cdcmple.o
        40          2          0          0          0          0   cdrcmple.o
       334          0          0          0          0          0   dadd.o
       222          0          0          0          0          0   ddiv.o
       182          0          0          0          0          0   depilogue.o
        62          0          0          0          0          0   dfixi.o
        50          0          0          0          0          0   dfixui.o
        48          0          0          0          0          0   dfixul.o
        34          0          0          0          0          0   dflti.o
        26          0          0          0          0          0   dfltui.o
       228          0          0          0          0          0   dmul.o
       136          4          0          0          0          0   drnd.o
        46          0          0          0          0          0   dscalb.o

    ----------------------------------------------------------------------
      4276        132          0          4          0          0   Library Totals
         6          0          0          0          0          0   (incl. Padding)

    ----------------------------------------------------------------------

      Code (inc. data)   RO Data    RW Data    ZI Data      Debug   Library Name

       148         12          0          0          0          0   m_ws.l
      2674        112          0          4          0          0   mc_w.l
      1448          8          0          0          0          0   mf_w.l

    ----------------------------------------------------------------------
      4276        132          0          4          0          0   Library Totals

    ----------------------------------------------------------------------

==============================================================================


      Code (inc. data)   RO Data    RW Data    ZI Data      Debug   

     12856        984        540        216       2056          0   Grand Totals
     12856        984        540        216       2056          0   ELF Image Totals
     12856        984        540        216          0          0   ROM Totals

==============================================================================

    Total RO  Size (Code + RO Data)                13396 (  13.08kB)
    Total RW  Size (RW Data + ZI Data)              2272 (   2.22kB)
    Total ROM Size (Code + RO Data + RW Data)      13612 (  13.29kB)

==============================================================================

