<html>
<body>
<pre>
<h1>µVision Build Log</h1>
<h2>Project:</h2>
F:\LoRaÄ£¿é£¨B1609-0£©\Firmware\LoRa_test V01\Project\LoRa_test.uvproj
Project File Date:  03/02/2016

<h2>Output:</h2>
Rebuild target 'LoRa_test'
assembling startup_stm32f10x_md.s...
compiling core_cm3.c...
compiling system_stm32f10x.c...
..\Libraries\CMSIS\stm32f10x.h(96): error:  #35: #error directive: "Please select first the target STM32F10x device used in your application (in stm32f10x.h file)"
compiling stm32f10x_tim.c...
..\Libraries\FWLib\src\stm32f10x_tim.c(23): error:  #5: cannot open source input file "stm32f10x_tim.h": No such file or directory
compiling stm32f10x_usart.c...
..\Libraries\FWLib\src\stm32f10x_usart.c(23): error:  #5: cannot open source input file "stm32f10x_usart.h": No such file or directory
compiling stm32f10x_gpio.c...
..\Libraries\FWLib\src\stm32f10x_gpio.c(23): error:  #5: cannot open source input file "stm32f10x_gpio.h": No such file or directory
compiling stm32f10x_rcc.c...
..\Libraries\FWLib\src\stm32f10x_rcc.c(23): error:  #5: cannot open source input file "stm32f10x_rcc.h": No such file or directory
compiling stm32f10x_spi.c...
..\Libraries\FWLib\src\stm32f10x_spi.c(23): error:  #5: cannot open source input file "stm32f10x_spi.h": No such file or directory
compiling main.c...
compiling sx1272-LoRaMisc.c...
compiling sx1276.c...
..\Source\radio.h(53): error:  #20: identifier "uint16_t" is undefined
..\Source\radio.h(54): error:  #20: identifier "uint16_t" is undefined
..\Source\radio.h(55): error:  #79: expected a type specifier
..\Source\radio.h(55): error:  #90: function returning function is not allowed
..\Source\radio.h(55): error:  #168: a function type is not allowed here
compiling sx1276-FskMisc.c...
compiling sx1276-Hal.c...
".\LoRa_test.axf" - 11 Errors, 0 Warning(s).
Target not created
Rebuild target 'LoRa_test'
assembling startup_stm32f10x_md.s...
compiling core_cm3.c...
compiling system_stm32f10x.c...
..\Libraries\CMSIS\stm32f10x.h(96): error:  #35: #error directive: "Please select first the target STM32F10x device used in your application (in stm32f10x.h file)"
compiling stm32f10x_tim.c...
..\Libraries\FWLib\src\stm32f10x_tim.c(23): error:  #5: cannot open source input file "stm32f10x_tim.h": No such file or directory
compiling stm32f10x_usart.c...
..\Libraries\FWLib\src\stm32f10x_usart.c(23): error:  #5: cannot open source input file "stm32f10x_usart.h": No such file or directory
compiling stm32f10x_gpio.c...
..\Libraries\FWLib\src\stm32f10x_gpio.c(23): error:  #5: cannot open source input file "stm32f10x_gpio.h": No such file or directory
compiling stm32f10x_rcc.c...
..\Libraries\FWLib\src\stm32f10x_rcc.c(23): error:  #5: cannot open source input file "stm32f10x_rcc.h": No such file or directory
compiling stm32f10x_spi.c...
..\Libraries\FWLib\src\stm32f10x_spi.c(23): error:  #5: cannot open source input file "stm32f10x_spi.h": No such file or directory
compiling main.c...
d:\Keil\ARM\Inc\ST\STM32F10x\stm32f10x.h(96): error:  #35: #error directive: "Please select first the target STM32F10x device used in your application (in stm32f10x.h file)"
compiling sx1272-LoRaMisc.c...
compiling sx1276.c...
..\Source\radio.h(53): error:  #20: identifier "uint16_t" is undefined
..\Source\radio.h(54): error:  #20: identifier "uint16_t" is undefined
..\Source\radio.h(55): error:  #79: expected a type specifier
..\Source\radio.h(55): error:  #90: function returning function is not allowed
..\Source\radio.h(55): error:  #168: a function type is not allowed here
compiling sx1276-FskMisc.c...
compiling sx1276-Hal.c...
".\LoRa_test.axf" - 12 Errors, 0 Warning(s).
Target not created
Rebuild target 'LoRa_test'
assembling startup_stm32f10x_md.s...
compiling core_cm3.c...
compiling system_stm32f10x.c...
..\Libraries\CMSIS\stm32f10x.h(96): error:  #35: #error directive: "Please select first the target STM32F10x device used in your application (in stm32f10x.h file)"
compiling stm32f10x_tim.c...
..\Libraries\FWLib\src\stm32f10x_tim.c(23): error:  #5: cannot open source input file "stm32f10x_tim.h": No such file or directory
compiling stm32f10x_usart.c...
..\Libraries\FWLib\src\stm32f10x_usart.c(23): error:  #5: cannot open source input file "stm32f10x_usart.h": No such file or directory
compiling stm32f10x_gpio.c...
..\Libraries\FWLib\src\stm32f10x_gpio.c(23): error:  #5: cannot open source input file "stm32f10x_gpio.h": No such file or directory
compiling stm32f10x_rcc.c...
..\Libraries\FWLib\src\stm32f10x_rcc.c(23): error:  #5: cannot open source input file "stm32f10x_rcc.h": No such file or directory
compiling stm32f10x_spi.c...
..\Libraries\FWLib\src\stm32f10x_spi.c(23): error:  #5: cannot open source input file "stm32f10x_spi.h": No such file or directory
compiling main.c...
d:\Keil\ARM\Inc\ST\STM32F10x\stm32f10x.h(96): error:  #35: #error directive: "Please select first the target STM32F10x device used in your application (in stm32f10x.h file)"
compiling sx1272-LoRaMisc.c...
compiling sx1276.c...
d:\Keil\ARM\Inc\ST\STM32F10x\stm32f10x.h(96): error:  #35: #error directive: "Please select first the target STM32F10x device used in your application (in stm32f10x.h file)"
compiling sx1276-FskMisc.c...
compiling sx1276-Hal.c...
".\LoRa_test.axf" - 8 Errors, 0 Warning(s).
Target not created
Rebuild target 'LoRa_test'
assembling startup_stm32f10x_md.s...
compiling core_cm3.c...
compiling system_stm32f10x.c...
..\Libraries\CMSIS\stm32f10x.h(96): error:  #35: #error directive: "Please select first the target STM32F10x device used in your application (in stm32f10x.h file)"
compiling stm32f10x_tim.c...
..\Libraries\FWLib\src\stm32f10x_tim.c(23): error:  #5: cannot open source input file "stm32f10x_tim.h": No such file or directory
compiling stm32f10x_usart.c...
..\Libraries\FWLib\src\stm32f10x_usart.c(23): error:  #5: cannot open source input file "stm32f10x_usart.h": No such file or directory
compiling stm32f10x_gpio.c...
..\Libraries\FWLib\src\stm32f10x_gpio.c(23): error:  #5: cannot open source input file "stm32f10x_gpio.h": No such file or directory
compiling stm32f10x_rcc.c...
..\Libraries\FWLib\src\stm32f10x_rcc.c(23): error:  #5: cannot open source input file "stm32f10x_rcc.h": No such file or directory
compiling stm32f10x_spi.c...
..\Libraries\FWLib\src\stm32f10x_spi.c(23): error:  #5: cannot open source input file "stm32f10x_spi.h": No such file or directory
compiling main.c...
d:\Keil\ARM\Inc\ST\STM32F10x\stm32f10x.h(96): error:  #35: #error directive: "Please select first the target STM32F10x device used in your application (in stm32f10x.h file)"
compiling sx1272-LoRaMisc.c...
compiling sx1276.c...
..\Source\radio.h(53): error:  #20: identifier "uint16_t" is undefined
..\Source\radio.h(54): error:  #20: identifier "uint16_t" is undefined
..\Source\radio.h(55): error:  #79: expected a type specifier
..\Source\radio.h(55): error:  #90: function returning function is not allowed
..\Source\radio.h(55): error:  #168: a function type is not allowed here
compiling sx1276-FskMisc.c...
compiling sx1276-Hal.c...
compiling radio.c...
..\Source\radio.h(53): error:  #20: identifier "uint16_t" is undefined
..\Source\radio.h(54): error:  #20: identifier "uint16_t" is undefined
..\Source\radio.h(55): error:  #79: expected a type specifier
..\Source\radio.h(55): error:  #90: function returning function is not allowed
..\Source\radio.h(55): error:  #168: a function type is not allowed here
..\Source\radio.c(32): error:  #35: #error directive: "Missing define: USE_XXXXXX_RADIO (ie. USE_SX1272_RADIO)"
".\LoRa_test.axf" - 18 Errors, 0 Warning(s).
Target not created
Rebuild target 'LoRa_test'
assembling startup_stm32f10x_md.s...
compiling core_cm3.c...
compiling system_stm32f10x.c...
..\Libraries\CMSIS\stm32f10x.h(96): error:  #35: #error directive: "Please select first the target STM32F10x device used in your application (in stm32f10x.h file)"
compiling stm32f10x_tim.c...
..\Libraries\FWLib\src\stm32f10x_tim.c(23): error:  #5: cannot open source input file "stm32f10x_tim.h": No such file or directory
compiling stm32f10x_usart.c...
..\Libraries\FWLib\src\stm32f10x_usart.c(23): error:  #5: cannot open source input file "stm32f10x_usart.h": No such file or directory
compiling stm32f10x_gpio.c...
..\Libraries\FWLib\src\stm32f10x_gpio.c(23): error:  #5: cannot open source input file "stm32f10x_gpio.h": No such file or directory
compiling stm32f10x_rcc.c...
..\Libraries\FWLib\src\stm32f10x_rcc.c(23): error:  #5: cannot open source input file "stm32f10x_rcc.h": No such file or directory
compiling stm32f10x_spi.c...
..\Libraries\FWLib\src\stm32f10x_spi.c(23): error:  #5: cannot open source input file "stm32f10x_spi.h": No such file or directory
compiling main.c...
d:\Keil\ARM\Inc\ST\STM32F10x\stm32f10x.h(96): error:  #35: #error directive: "Please select first the target STM32F10x device used in your application (in stm32f10x.h file)"
compiling sx1272-LoRaMisc.c...
compiling sx1276.c...
d:\Keil\ARM\Inc\ST\STM32F10x\stm32f10x.h(96): error:  #35: #error directive: "Please select first the target STM32F10x device used in your application (in stm32f10x.h file)"
compiling sx1276-FskMisc.c...
compiling sx1276-Hal.c...
".\LoRa_test.axf" - 8 Errors, 0 Warning(s).
Target not created
Rebuild target 'LoRa_test'
assembling startup_stm32f10x_md.s...
compiling core_cm3.c...
compiling system_stm32f10x.c...
..\Libraries\CMSIS\stm32f10x.h(96): error:  #35: #error directive: "Please select first the target STM32F10x device used in your application (in stm32f10x.h file)"
compiling stm32f10x_tim.c...
..\Libraries\FWLib\src\stm32f10x_tim.c(23): error:  #5: cannot open source input file "stm32f10x_tim.h": No such file or directory
compiling stm32f10x_usart.c...
..\Libraries\FWLib\src\stm32f10x_usart.c(23): error:  #5: cannot open source input file "stm32f10x_usart.h": No such file or directory
compiling stm32f10x_gpio.c...
..\Libraries\FWLib\src\stm32f10x_gpio.c(23): error:  #5: cannot open source input file "stm32f10x_gpio.h": No such file or directory
compiling stm32f10x_rcc.c...
..\Libraries\FWLib\src\stm32f10x_rcc.c(23): error:  #5: cannot open source input file "stm32f10x_rcc.h": No such file or directory
compiling stm32f10x_spi.c...
..\Libraries\FWLib\src\stm32f10x_spi.c(23): error:  #5: cannot open source input file "stm32f10x_spi.h": No such file or directory
compiling main.c...
d:\Keil\ARM\Inc\ST\STM32F10x\stm32f10x.h(96): error:  #35: #error directive: "Please select first the target STM32F10x device used in your application (in stm32f10x.h file)"
compiling sx1272-LoRaMisc.c...
compiling sx1276.c...
d:\Keil\ARM\Inc\ST\STM32F10x\stm32f10x.h(96): error:  #35: #error directive: "Please select first the target STM32F10x device used in your application (in stm32f10x.h file)"
compiling sx1276-FskMisc.c...
compiling sx1276-Hal.c...
".\LoRa_test.axf" - 8 Errors, 0 Warning(s).
Target not created
Rebuild target 'LoRa_test'
assembling startup_stm32f10x_md.s...
compiling core_cm3.c...
compiling system_stm32f10x.c...
..\Libraries\CMSIS\stm32f10x.h(96): error:  #35: #error directive: "Please select first the target STM32F10x device used in your application (in stm32f10x.h file)"
compiling stm32f10x_tim.c...
..\Libraries\CMSIS\stm32f10x.h(96): error:  #35: #error directive: "Please select first the target STM32F10x device used in your application (in stm32f10x.h file)"
compiling stm32f10x_usart.c...
..\Libraries\CMSIS\stm32f10x.h(96): error:  #35: #error directive: "Please select first the target STM32F10x device used in your application (in stm32f10x.h file)"
compiling stm32f10x_gpio.c...
..\Libraries\CMSIS\stm32f10x.h(96): error:  #35: #error directive: "Please select first the target STM32F10x device used in your application (in stm32f10x.h file)"
compiling stm32f10x_rcc.c...
..\Libraries\CMSIS\stm32f10x.h(96): error:  #35: #error directive: "Please select first the target STM32F10x device used in your application (in stm32f10x.h file)"
compiling stm32f10x_spi.c...
..\Libraries\CMSIS\stm32f10x.h(96): error:  #35: #error directive: "Please select first the target STM32F10x device used in your application (in stm32f10x.h file)"
compiling main.c...
..\Libraries\CMSIS\stm32f10x.h(96): error:  #35: #error directive: "Please select first the target STM32F10x device used in your application (in stm32f10x.h file)"
compiling sx1272-LoRaMisc.c...
compiling sx1276.c...
..\Libraries\CMSIS\stm32f10x.h(96): error:  #35: #error directive: "Please select first the target STM32F10x device used in your application (in stm32f10x.h file)"
compiling sx1276-FskMisc.c...
compiling sx1276-Hal.c...
".\LoRa_test.axf" - 8 Errors, 0 Warning(s).
Target not created
Rebuild target 'LoRa_test'
assembling startup_stm32f10x_md.s...
compiling core_cm3.c...
compiling system_stm32f10x.c...
..\Libraries\CMSIS\stm32f10x.h(96): error:  #35: #error directive: "Please select first the target STM32F10x device used in your application (in stm32f10x.h file)"
compiling stm32f10x_tim.c...
..\Libraries\CMSIS\stm32f10x.h(96): error:  #35: #error directive: "Please select first the target STM32F10x device used in your application (in stm32f10x.h file)"
compiling stm32f10x_usart.c...
..\Libraries\CMSIS\stm32f10x.h(96): error:  #35: #error directive: "Please select first the target STM32F10x device used in your application (in stm32f10x.h file)"
compiling stm32f10x_gpio.c...
..\Libraries\CMSIS\stm32f10x.h(96): error:  #35: #error directive: "Please select first the target STM32F10x device used in your application (in stm32f10x.h file)"
compiling stm32f10x_rcc.c...
..\Libraries\CMSIS\stm32f10x.h(96): error:  #35: #error directive: "Please select first the target STM32F10x device used in your application (in stm32f10x.h file)"
compiling stm32f10x_spi.c...
..\Libraries\CMSIS\stm32f10x.h(96): error:  #35: #error directive: "Please select first the target STM32F10x device used in your application (in stm32f10x.h file)"
compiling main.c...
..\Libraries\CMSIS\stm32f10x.h(96): error:  #35: #error directive: "Please select first the target STM32F10x device used in your application (in stm32f10x.h file)"
compiling sx1272-LoRaMisc.c...
compiling sx1276.c...
..\Libraries\CMSIS\stm32f10x.h(96): error:  #35: #error directive: "Please select first the target STM32F10x device used in your application (in stm32f10x.h file)"
compiling sx1276-FskMisc.c...
compiling sx1276-Hal.c...
".\LoRa_test.axf" - 8 Errors, 0 Warning(s).
Target not created
Rebuild target 'LoRa_test'
assembling startup_stm32f10x_md.s...
compiling core_cm3.c...
compiling system_stm32f10x.c...
..\Libraries\CMSIS\stm32f10x.h(96): error:  #35: #error directive: "Please select first the target STM32F10x device used in your application (in stm32f10x.h file)"
compiling stm32f10x_tim.c...
..\Libraries\CMSIS\stm32f10x.h(96): error:  #35: #error directive: "Please select first the target STM32F10x device used in your application (in stm32f10x.h file)"
compiling stm32f10x_usart.c...
..\Libraries\CMSIS\stm32f10x.h(96): error:  #35: #error directive: "Please select first the target STM32F10x device used in your application (in stm32f10x.h file)"
compiling stm32f10x_gpio.c...
..\Libraries\CMSIS\stm32f10x.h(96): error:  #35: #error directive: "Please select first the target STM32F10x device used in your application (in stm32f10x.h file)"
compiling stm32f10x_rcc.c...
..\Libraries\CMSIS\stm32f10x.h(96): error:  #35: #error directive: "Please select first the target STM32F10x device used in your application (in stm32f10x.h file)"
compiling stm32f10x_spi.c...
..\Libraries\CMSIS\stm32f10x.h(96): error:  #35: #error directive: "Please select first the target STM32F10x device used in your application (in stm32f10x.h file)"
compiling main.c...
..\Libraries\CMSIS\stm32f10x.h(96): error:  #35: #error directive: "Please select first the target STM32F10x device used in your application (in stm32f10x.h file)"
".\LoRa_test.axf" - 7 Errors, 0 Warning(s).
Project build/rebuild aborted.
Rebuild target 'LoRa_test'
assembling startup_stm32f10x_md.s...
compiling core_cm3.c...
compiling system_stm32f10x.c...
..\Libraries\CMSIS\stm32f10x.h(8299): error:  #5: cannot open source input file "stm32f10x_conf.h": No such file or directory
compiling stm32f10x_tim.c...
..\Libraries\CMSIS\stm32f10x.h(8299): error:  #5: cannot open source input file "stm32f10x_conf.h": No such file or directory
compiling stm32f10x_usart.c...
..\Libraries\CMSIS\stm32f10x.h(8299): error:  #5: cannot open source input file "stm32f10x_conf.h": No such file or directory
compiling stm32f10x_gpio.c...
..\Libraries\CMSIS\stm32f10x.h(8299): error:  #5: cannot open source input file "stm32f10x_conf.h": No such file or directory
compiling stm32f10x_rcc.c...
..\Libraries\CMSIS\stm32f10x.h(8299): error:  #5: cannot open source input file "stm32f10x_conf.h": No such file or directory
compiling stm32f10x_spi.c...
..\Libraries\CMSIS\stm32f10x.h(8299): error:  #5: cannot open source input file "stm32f10x_conf.h": No such file or directory
compiling main.c...
..\Libraries\CMSIS\stm32f10x.h(8299): error:  #5: cannot open source input file "stm32f10x_conf.h": No such file or directory
compiling sx1272-LoRaMisc.c...
compiling sx1276.c...
..\Libraries\CMSIS\stm32f10x.h(8299): error:  #5: cannot open source input file "stm32f10x_conf.h": No such file or directory
compiling sx1276-FskMisc.c...
compiling sx1276-Hal.c...
After Build - User command #1: fromelf --bin ".\output\LoRa_test.axf" --output ".\list\LoRa_test.bin"
".\output\LoRa_test.axf": Error: Q0122E: Could not open file '.\output\LoRa_test.axf': No such file or directory
Finished: 0 information, 0 warning and 1 error messages.
".\LoRa_test.axf" - 8 Errors, 0 Warning(s).
Target not created
Rebuild target 'LoRa_test'
assembling startup_stm32f10x_md.s...
compiling core_cm3.c...
compiling system_stm32f10x.c...
..\Libraries\CMSIS\stm32f10x.h(8299): error:  #5: cannot open source input file "stm32f10x_conf.h": No such file or directory
compiling stm32f10x_tim.c...
..\Libraries\CMSIS\stm32f10x.h(8299): error:  #5: cannot open source input file "stm32f10x_conf.h": No such file or directory
compiling stm32f10x_usart.c...
..\Libraries\CMSIS\stm32f10x.h(8299): error:  #5: cannot open source input file "stm32f10x_conf.h": No such file or directory
compiling stm32f10x_gpio.c...
..\Libraries\CMSIS\stm32f10x.h(8299): error:  #5: cannot open source input file "stm32f10x_conf.h": No such file or directory
compiling stm32f10x_rcc.c...
..\Libraries\CMSIS\stm32f10x.h(8299): error:  #5: cannot open source input file "stm32f10x_conf.h": No such file or directory
compiling stm32f10x_spi.c...
..\Libraries\CMSIS\stm32f10x.h(8299): error:  #5: cannot open source input file "stm32f10x_conf.h": No such file or directory
compiling main.c...
..\Libraries\CMSIS\stm32f10x.h(8299): error:  #5: cannot open source input file "stm32f10x_conf.h": No such file or directory
compiling sx1272-LoRaMisc.c...
compiling sx1276.c...
..\Libraries\CMSIS\stm32f10x.h(8299): error:  #5: cannot open source input file "stm32f10x_conf.h": No such file or directory
compiling sx1276-FskMisc.c...
compiling sx1276-Hal.c...
After Build - User command #1: fromelf --bin ".\output\LoRa_test.axf" --output ".\list\LoRa_test.bin"
".\output\LoRa_test.axf": Error: Q0122E: Could not open file '.\output\LoRa_test.axf': No such file or directory
Finished: 0 information, 0 warning and 1 error messages.
".\LoRa_test.axf" - 8 Errors, 0 Warning(s).
Target not created
Rebuild target 'LoRa_test'
assembling startup_stm32f10x_md.s...
compiling core_cm3.c...
compiling system_stm32f10x.c...
..\Libraries\CMSIS\stm32f10x.h(8299): error:  #5: cannot open source input file "stm32f10x_conf.h": No such file or directory
compiling stm32f10x_tim.c...
..\Libraries\CMSIS\stm32f10x.h(8299): error:  #5: cannot open source input file "stm32f10x_conf.h": No such file or directory
compiling stm32f10x_usart.c...
..\Libraries\CMSIS\stm32f10x.h(8299): error:  #5: cannot open source input file "stm32f10x_conf.h": No such file or directory
compiling stm32f10x_gpio.c...
..\Libraries\CMSIS\stm32f10x.h(8299): error:  #5: cannot open source input file "stm32f10x_conf.h": No such file or directory
compiling stm32f10x_rcc.c...
..\Libraries\CMSIS\stm32f10x.h(8299): error:  #5: cannot open source input file "stm32f10x_conf.h": No such file or directory
compiling stm32f10x_spi.c...
..\Libraries\CMSIS\stm32f10x.h(8299): error:  #5: cannot open source input file "stm32f10x_conf.h": No such file or directory
compiling main.c...
..\Libraries\CMSIS\stm32f10x.h(8299): error:  #5: cannot open source input file "stm32f10x_conf.h": No such file or directory
compiling sx1272-LoRaMisc.c...
compiling sx1276.c...
..\Libraries\CMSIS\stm32f10x.h(8299): error:  #5: cannot open source input file "stm32f10x_conf.h": No such file or directory
compiling sx1276-FskMisc.c...
compiling sx1276-Hal.c...
After Build - User command #1: fromelf --bin ".\output\LoRa_test.axf" --output ".\list\LoRa_test.bin"
".\output\LoRa_test.axf": Error: Q0122E: Could not open file '.\output\LoRa_test.axf': No such file or directory
Finished: 0 information, 0 warning and 1 error messages.
".\LoRa_test.axf" - 8 Errors, 0 Warning(s).
Target not created
Rebuild target 'LoRa_test'
assembling startup_stm32f10x_md.s...
compiling core_cm3.c...
compiling system_stm32f10x.c...
compiling stm32f10x_tim.c...
compiling stm32f10x_usart.c...
compiling stm32f10x_gpio.c...
compiling stm32f10x_rcc.c...
compiling stm32f10x_spi.c...
compiling main.c...
..\Source\Main.h(7): warning:  #1-D: last line of file ends without a newline
..\Source\Main.h(1): error:  #37: the #endif for this directive is missing
compiling sx1272-LoRaMisc.c...
compiling sx1276.c...
compiling sx1276-FskMisc.c...
compiling sx1276-Hal.c...
After Build - User command #1: fromelf --bin ".\output\LoRa_test.axf" --output ".\list\LoRa_test.bin"
".\output\LoRa_test.axf": Error: Q0122E: Could not open file '.\output\LoRa_test.axf': No such file or directory
Finished: 0 information, 0 warning and 1 error messages.
".\LoRa_test.axf" - 1 Errors, 1 Warning(s).
Target not created
Rebuild target 'LoRa_test'
assembling startup_stm32f10x_md.s...
compiling core_cm3.c...
compiling system_stm32f10x.c...
compiling stm32f10x_tim.c...
compiling stm32f10x_usart.c...
compiling stm32f10x_gpio.c...
compiling stm32f10x_rcc.c...
compiling stm32f10x_spi.c...
compiling main.c...
compiling sx1272-LoRaMisc.c...
compiling sx1276.c...
compiling sx1276-FskMisc.c...
compiling sx1276-Hal.c...
linking...
Program Size: Code=560 RO-data=252 RW-data=0 ZI-data=1632  
FromELF: creating hex file...
After Build - User command #1: fromelf --bin ".\output\LoRa_test.axf" --output ".\list\LoRa_test.bin"
".\output\LoRa_test.axf": Error: Q0122E: Could not open file '.\output\LoRa_test.axf': No such file or directory
Finished: 0 information, 0 warning and 1 error messages.
".\LoRa_test.axf" - 0 Errors, 0 Warning(s).
Rebuild target 'LoRa_test'
assembling startup_stm32f10x_md.s...
compiling core_cm3.c...
compiling system_stm32f10x.c...
compiling stm32f10x_tim.c...
compiling stm32f10x_usart.c...
compiling stm32f10x_gpio.c...
compiling stm32f10x_rcc.c...
compiling stm32f10x_spi.c...
compiling main.c...
compiling sx1272-LoRaMisc.c...
compiling sx1276.c...
compiling sx1276-FskMisc.c...
compiling sx1276-Hal.c...
linking...
Program Size: Code=560 RO-data=252 RW-data=0 ZI-data=1632  
FromELF: creating hex file...
After Build - User command #1: fromelf --bin ".\output\LoRa_test.axf" --output ".\list\LoRa_test.bin"
".\output\LoRa_test.axf" - 0 Errors, 0 Warning(s).
Rebuild target 'LoRa_test'
assembling startup_stm32f10x_md.s...
startup_stm32f10x_md.s: error: A1023E: File "startup_stm32f10x_md.s" could not be opened: No such file or directory
After Build - User command #1: fromelf --bin ".\output\LoRa_test.axf" --output ".\list\LoRa_test.bin"
".\output\LoRa_test.axf" - 1 Errors, 0 Warning(s).
Target not created
Rebuild target 'LoRa_test'
compiling core_cm3.c...
compiling system_stm32f10x.c...
compiling stm32f10x_tim.c...
compiling stm32f10x_usart.c...
compiling stm32f10x_gpio.c...
compiling stm32f10x_rcc.c...
compiling stm32f10x_spi.c...
compiling main.c...
..\Source\Main.h(10): error:  #147-D: declaration is incompatible with "void USART_Init(USART_TypeDef *, USART_InitTypeDef *)" (declared at line 366 of "..\Libraries\FWLib\inc\stm32f10x_usart.h")
..\Source\main.c(23): error:  #140: too many arguments in function call
compiling sx1272-LoRaMisc.c...
compiling sx1276.c...
compiling sx1276-FskMisc.c...
compiling sx1276-Hal.c...
After Build - User command #1: fromelf --bin ".\output\LoRa_test.axf" --output ".\list\LoRa_test.bin"
".\output\LoRa_test.axf" - 2 Errors, 0 Warning(s).
Target not created
Rebuild target 'LoRa_test'
compiling core_cm3.c...
compiling system_stm32f10x.c...
compiling stm32f10x_tim.c...
compiling stm32f10x_usart.c...
compiling stm32f10x_gpio.c...
compiling stm32f10x_rcc.c...
compiling stm32f10x_spi.c...
compiling main.c...
..\Source\main.c(6): error:  #165: too few arguments in function call
..\Source\main.c(11): error:  #147-D: declaration is incompatible with "void USART_Init(USART_TypeDef *, USART_InitTypeDef *)" (declared at line 366 of "..\Libraries\FWLib\inc\stm32f10x_usart.h")
..\Source\main.c(23): error:  #140: too many arguments in function call
compiling sx1272-LoRaMisc.c...
compiling sx1276.c...
compiling sx1276-FskMisc.c...
compiling sx1276-Hal.c...
After Build - User command #1: fromelf --bin ".\output\LoRa_test.axf" --output ".\list\LoRa_test.bin"
".\output\LoRa_test.axf" - 3 Errors, 0 Warning(s).
Target not created
