<html>
<body>
<pre>
<h1>µVision Build Log</h1>
<h2>Project:</h2>
E:\LoRa_test\Project\LoRa_test.uvproj
Project File Date:  04/12/2016

<h2>Output:</h2>
Rebuild target 'LoRa_test'
compiling core_cm3.c...
compiling system_stm32f10x.c...
assembling startup_stm32f10x_hd.s...
compiling stm32f10x_tim.c...
compiling stm32f10x_usart.c...
compiling stm32f10x_gpio.c...
compiling stm32f10x_rcc.c...
compiling stm32f10x_spi.c...
compiling stm32f10x_flash.c...
compiling misc.c...
compiling stm32f10x_exti.c...
compiling main.c...
..\Source\main.c(273): warning:  #177-D: variable "NVIC_InitStructure" was declared but never referenced
compiling sx1276.c...
compiling sx1276-LoRa.c...
compiling sx1276-Fsk.c...
compiling sx1276-LoRaMisc.c...
compiling sx1276-FskMisc.c...
compiling sx1276-Hal.c...
compiling spi.c...
compiling radio.c...
compiling LCD5110.c...
linking...
Program Size: Code=8456 RO-data=540 RW-data=212 ZI-data=1932  
FromELF: creating hex file...
After Build - User command #1: fromelf --bin ".\output\LoRa_test.axf" --output ".\list\LoRa_test.bin"
".\output\LoRa_test.axf" - 0 Errors, 1 Warning(s).
Load "E:\\LoRa_test\\Project\\output\\LoRa_test.axf" 
Set JLink Project File to "E:\LoRa_test\Project\JLinkSettings.ini"
* JLink Info: Device "STM32F103C8" selected (64 KB flash, 20 KB RAM).
 
JLink info:
------------
DLL: V4.60a, compiled Jan 16 2013 17:15:30
Firmware: J-Link ARM V8 compiled Nov 14 2012 22:34:52
Hardware: V8.00
S/N : 304439649 
Feature(s) : RDI,FlashDL,FlashBP,JFlash,GDBFULL 
 
* JLink Info: Found SWD-DP with ID 0x1BA01477
* JLink Info: Found SWD-DP with ID 0x1BA01477
* JLink Info: TPIU fitted.
* JLink Info: FPUnit: 6 code (BP) slots and 2 literal slots
* JLink Info: Found Cortex-M3 r1p1, Little endian.
ROMTableAddr = 0xE00FF003
 
Target info:
------------
Device: STM32F103C8
VTarget = 3.293V
State of Pins: 
TCK: 0, TDI: 0, TDO: 0, TMS: 1, TRES: 1, TRST: 1
Hardware-Breakpoints: 6
Software-Breakpoints: 8192
Watchpoints:          4
JTAG speed: 1000 kHz
 
Erase Done.
Programming Done.
Verify OK.
Application running ...
Rebuild target 'LoRa_test'
compiling core_cm3.c...
compiling system_stm32f10x.c...
assembling startup_stm32f10x_hd.s...
compiling stm32f10x_tim.c...
compiling stm32f10x_usart.c...
compiling stm32f10x_gpio.c...
compiling stm32f10x_rcc.c...
compiling stm32f10x_spi.c...
compiling stm32f10x_flash.c...
compiling misc.c...
compiling stm32f10x_exti.c...
compiling main.c...
compiling sx1276.c...
compiling sx1276-LoRa.c...
compiling sx1276-Fsk.c...
compiling sx1276-LoRaMisc.c...
compiling sx1276-FskMisc.c...
compiling sx1276-Hal.c...
compiling spi.c...
compiling radio.c...
compiling LCD5110.c...
linking...
Program Size: Code=9416 RO-data=540 RW-data=212 ZI-data=1932  
FromELF: creating hex file...
After Build - User command #1: fromelf --bin ".\output\LoRa_test.axf" --output ".\list\LoRa_test.bin"
".\output\LoRa_test.axf" - 0 Errors, 0 Warning(s).
Load "E:\\LoRa_test\\Project\\output\\LoRa_test.axf" 
Set JLink Project File to "E:\LoRa_test\Project\JLinkSettings.ini"
* JLink Info: Device "STM32F103C8" selected (64 KB flash, 20 KB RAM).
 
JLink info:
------------
DLL: V4.60a, compiled Jan 16 2013 17:15:30
Firmware: J-Link ARM V8 compiled Nov 14 2012 22:34:52
Hardware: V8.00
S/N : 304439649 
Feature(s) : RDI,FlashDL,FlashBP,JFlash,GDBFULL 
 
* JLink Info: Found SWD-DP with ID 0x1BA01477
* JLink Info: Found SWD-DP with ID 0x1BA01477
* JLink Info: TPIU fitted.
* JLink Info: FPUnit: 6 code (BP) slots and 2 literal slots
* JLink Info: Found Cortex-M3 r1p1, Little endian.
ROMTableAddr = 0xE00FF003
 
Target info:
------------
Device: STM32F103C8
VTarget = 3.293V
State of Pins: 
TCK: 0, TDI: 0, TDO: 0, TMS: 1, TRES: 1, TRST: 1
Hardware-Breakpoints: 6
Software-Breakpoints: 8192
Watchpoints:          4
JTAG speed: 1000 kHz
 
Erase Done.
Programming Done.
Verify OK.
Application running ...
Rebuild target 'LoRa_test'
compiling core_cm3.c...
compiling system_stm32f10x.c...
assembling startup_stm32f10x_hd.s...
compiling stm32f10x_tim.c...
compiling stm32f10x_usart.c...
compiling stm32f10x_gpio.c...
compiling stm32f10x_rcc.c...
compiling stm32f10x_spi.c...
compiling stm32f10x_flash.c...
compiling misc.c...
compiling stm32f10x_exti.c...
compiling main.c...
..\Source\main.c(219): warning:  #177-D: variable "NVIC_InitStructure" was declared but never referenced
..\Source\main.c(22): warning:  #177-D: variable "RxBuf" was declared but never referenced
..\Source\main.c(23): warning:  #177-D: variable "RxBufSize" was declared but never referenced
compiling sx1276.c...
compiling sx1276-LoRa.c...
compiling sx1276-Fsk.c...
compiling sx1276-LoRaMisc.c...
compiling sx1276-FskMisc.c...
compiling sx1276-Hal.c...
compiling spi.c...
compiling radio.c...
compiling LCD5110.c...
linking...
Program Size: Code=8372 RO-data=540 RW-data=204 ZI-data=1676  
FromELF: creating hex file...
After Build - User command #1: fromelf --bin ".\output\LoRa_test.axf" --output ".\list\LoRa_test.bin"
".\output\LoRa_test.axf" - 0 Errors, 3 Warning(s).
Load "E:\\LoRa_test\\Project\\output\\LoRa_test.axf" 
Set JLink Project File to "E:\LoRa_test\Project\JLinkSettings.ini"
* JLink Info: Device "STM32F103C8" selected (64 KB flash, 20 KB RAM).
 
JLink info:
------------
DLL: V4.60a, compiled Jan 16 2013 17:15:30
Firmware: J-Link ARM V8 compiled Nov 14 2012 22:34:52
Hardware: V8.00
S/N : 304439649 
Feature(s) : RDI,FlashDL,FlashBP,JFlash,GDBFULL 
 
* JLink Info: Found SWD-DP with ID 0x1BA01477
* JLink Info: Found SWD-DP with ID 0x1BA01477
* JLink Info: TPIU fitted.
* JLink Info: FPUnit: 6 code (BP) slots and 2 literal slots
* JLink Info: Found Cortex-M3 r1p1, Little endian.
ROMTableAddr = 0xE00FF003
 
Target info:
------------
Device: STM32F103C8
VTarget = 3.293V
State of Pins: 
TCK: 0, TDI: 0, TDO: 0, TMS: 1, TRES: 1, TRST: 1
Hardware-Breakpoints: 6
Software-Breakpoints: 8192
Watchpoints:          4
JTAG speed: 1000 kHz
 
Erase Done.
Programming Done.
Verify OK.
Application running ...
Build target 'LoRa_test'
compiling core_cm3.c...
compiling system_stm32f10x.c...
compiling stm32f10x_tim.c...
compiling stm32f10x_usart.c...
compiling stm32f10x_gpio.c...
compiling stm32f10x_rcc.c...
compiling stm32f10x_spi.c...
compiling stm32f10x_flash.c...
compiling misc.c...
compiling stm32f10x_exti.c...
compiling main.c...
..\Source\main.c(191): warning:  #177-D: variable "NVIC_InitStructure" was declared but never referenced
compiling sx1276.c...
compiling sx1276-LoRa.c...
compiling sx1276-Fsk.c...
compiling sx1276-LoRaMisc.c...
compiling sx1276-FskMisc.c...
compiling sx1276-Hal.c...
compiling spi.c...
compiling radio.c...
compiling LCD5110.c...
linking...
.\output\LoRa_test.axf: Error: L6218E: Undefined symbol DrvSYS_Delay (referred from lcd5110.o).
".\output\LoRa_test.axf" - 1 Errors, 1 Warning(s).
Target not created
Build target 'LoRa_test'
compiling main.c...
..\Source\main.c(191): warning:  #177-D: variable "NVIC_InitStructure" was declared but never referenced
linking...
Program Size: Code=9072 RO-data=540 RW-data=204 ZI-data=1676  
FromELF: creating hex file...
After Build - User command #1: fromelf --bin ".\output\LoRa_test.axf" --output ".\list\LoRa_test.bin"
".\output\LoRa_test.axf" - 0 Errors, 1 Warning(s).
Load "E:\\LoRa_test\\Project\\output\\LoRa_test.axf" 
Set JLink Project File to "E:\LoRa_test\Project\JLinkSettings.ini"
* JLink Info: Device "STM32F103C8" selected (64 KB flash, 20 KB RAM).
 
JLink info:
------------
DLL: V4.60a, compiled Jan 16 2013 17:15:30
Firmware: J-Link ARM V8 compiled Nov 14 2012 22:34:52
Hardware: V8.00
S/N : 304439649 
Feature(s) : RDI,FlashDL,FlashBP,JFlash,GDBFULL 
 
* JLink Info: Found SWD-DP with ID 0x1BA01477
* JLink Info: Found SWD-DP with ID 0x1BA01477
* JLink Info: TPIU fitted.
* JLink Info: FPUnit: 6 code (BP) slots and 2 literal slots
* JLink Info: Found Cortex-M3 r1p1, Little endian.
ROMTableAddr = 0xE00FF003
 
Target info:
------------
Device: STM32F103C8
VTarget = 3.293V
State of Pins: 
TCK: 0, TDI: 0, TDO: 0, TMS: 1, TRES: 1, TRST: 1
Hardware-Breakpoints: 6
Software-Breakpoints: 8192
Watchpoints:          4
JTAG speed: 1000 kHz
 
Erase Done.
Programming Done.
Verify OK.
Application running ...
Build target 'LoRa_test'
compiling core_cm3.c...
compiling system_stm32f10x.c...
compiling stm32f10x_tim.c...
compiling stm32f10x_usart.c...
compiling stm32f10x_gpio.c...
compiling stm32f10x_rcc.c...
compiling stm32f10x_spi.c...
compiling stm32f10x_flash.c...
compiling misc.c...
compiling stm32f10x_exti.c...
compiling main.c...
..\Source\main.c(143): warning:  #177-D: variable "NVIC_InitStructure" was declared but never referenced
..\Source\main.c(17): warning:  #177-D: variable "TxBuf" was declared but never referenced
..\Source\main.c(18): warning:  #177-D: variable "TxBufSize" was declared but never referenced
..\Source\main.c(19): warning:  #177-D: variable "bIsTxEnable" was declared but never referenced
compiling sx1276.c...
compiling sx1276-LoRa.c...
compiling sx1276-Fsk.c...
compiling sx1276-LoRaMisc.c...
compiling sx1276-FskMisc.c...
compiling sx1276-Hal.c...
compiling spi.c...
compiling radio.c...
linking...
Program Size: Code=8580 RO-data=540 RW-data=180 ZI-data=1676  
FromELF: creating hex file...
After Build - User command #1: fromelf --bin ".\output\LoRa_test.axf" --output ".\list\LoRa_test.bin"
".\output\LoRa_test.axf" - 0 Errors, 4 Warning(s).
Load "E:\\LoRa_test\\Project\\output\\LoRa_test.axf" 
Set JLink Project File to "E:\LoRa_test\Project\JLinkSettings.ini"
* JLink Info: Device "STM32F103C8" selected (64 KB flash, 20 KB RAM).
 
JLink info:
------------
DLL: V4.60a, compiled Jan 16 2013 17:15:30
Firmware: J-Link ARM V8 compiled Nov 14 2012 22:34:52
Hardware: V8.00
S/N : 304439649 
Feature(s) : RDI,FlashDL,FlashBP,JFlash,GDBFULL 
 
* JLink Info: Found SWD-DP with ID 0x1BA01477
* JLink Info: Found SWD-DP with ID 0x1BA01477
* JLink Info: TPIU fitted.
* JLink Info: FPUnit: 6 code (BP) slots and 2 literal slots
* JLink Info: Found Cortex-M3 r1p1, Little endian.
ROMTableAddr = 0xE00FF003
 
Target info:
------------
Device: STM32F103C8
VTarget = 3.293V
State of Pins: 
TCK: 0, TDI: 0, TDO: 0, TMS: 1, TRES: 1, TRST: 1
Hardware-Breakpoints: 6
Software-Breakpoints: 8192
Watchpoints:          4
JTAG speed: 1000 kHz
 
Erase Done.
Programming Failed!
Load "E:\\LoRa_test\\Project\\output\\LoRa_test.axf" 
Set JLink Project File to "E:\LoRa_test\Project\JLinkSettings.ini"
* JLink Info: Device "STM32F103C8" selected (64 KB flash, 20 KB RAM).
 
JLink info:
------------
DLL: V4.60a, compiled Jan 16 2013 17:15:30
Firmware: J-Link ARM V8 compiled Nov 14 2012 22:34:52
Hardware: V8.00
S/N : 304439649 
Feature(s) : RDI,FlashDL,FlashBP,JFlash,GDBFULL 
 
* JLink Info: Found SWD-DP with ID 0x1BA01477
* JLink Info: Found SWD-DP with ID 0x1BA01477
* JLink Info: TPIU fitted.
* JLink Info: FPUnit: 6 code (BP) slots and 2 literal slots
* JLink Info: Found Cortex-M3 r1p1, Little endian.
ROMTableAddr = 0xE00FF003
 
Target info:
------------
Device: STM32F103C8
VTarget = 3.293V
State of Pins: 
TCK: 0, TDI: 0, TDO: 0, TMS: 1, TRES: 1, TRST: 1
Hardware-Breakpoints: 6
Software-Breakpoints: 8192
Watchpoints:          4
JTAG speed: 1000 kHz
 
Erase Done.
Programming Done.
Verify OK.
Application running ...
Build target 'LoRa_test'
compiling core_cm3.c...
compiling system_stm32f10x.c...
compiling stm32f10x_tim.c...
compiling stm32f10x_usart.c...
compiling stm32f10x_gpio.c...
compiling stm32f10x_rcc.c...
compiling stm32f10x_spi.c...
compiling stm32f10x_flash.c...
compiling misc.c...
compiling stm32f10x_exti.c...
compiling main.c...
compiling sx1276.c...
compiling sx1276-LoRa.c...
compiling sx1276-Fsk.c...
compiling sx1276-LoRaMisc.c...
compiling sx1276-FskMisc.c...
compiling sx1276-Hal.c...
compiling spi.c...
compiling radio.c...
linking...
Program Size: Code=8928 RO-data=540 RW-data=188 ZI-data=1804  
FromELF: creating hex file...
After Build - User command #1: fromelf --bin ".\output\LoRa_test.axf" --output ".\list\LoRa_test.bin"
".\output\LoRa_test.axf" - 0 Errors, 0 Warning(s).
Load "E:\\LoRa_test\\Project\\output\\LoRa_test.axf" 
Set JLink Project File to "E:\LoRa_test\Project\JLinkSettings.ini"
* JLink Info: Device "STM32F103C8" selected (64 KB flash, 20 KB RAM).
 
JLink info:
------------
DLL: V4.60a, compiled Jan 16 2013 17:15:30
Firmware: J-Link ARM V8 compiled Nov 14 2012 22:34:52
Hardware: V8.00
S/N : 304439649 
Feature(s) : RDI,FlashDL,FlashBP,JFlash,GDBFULL 
 
* JLink Info: Found SWD-DP with ID 0x1BA01477
* JLink Info: Found SWD-DP with ID 0x1BA01477
* JLink Info: TPIU fitted.
* JLink Info: FPUnit: 6 code (BP) slots and 2 literal slots
* JLink Info: Found Cortex-M3 r1p1, Little endian.
ROMTableAddr = 0xE00FF003
 
Target info:
------------
Device: STM32F103C8
VTarget = 3.293V
State of Pins: 
TCK: 0, TDI: 0, TDO: 0, TMS: 1, TRES: 1, TRST: 1
Hardware-Breakpoints: 6
Software-Breakpoints: 8192
Watchpoints:          4
JTAG speed: 1000 kHz
 
Erase Done.
Programming Done.
Verify OK.
Application running ...
Build target 'LoRa_test'
compiling main.c...
..\Source\main.c(191): warning:  #177-D: variable "cnt1" was declared but never referenced
..\Source\main.c(19): warning:  #177-D: variable "bIsTxEnable" was declared but never referenced
linking...
Program Size: Code=8840 RO-data=540 RW-data=188 ZI-data=1804  
FromELF: creating hex file...
After Build - User command #1: fromelf --bin ".\output\LoRa_test.axf" --output ".\list\LoRa_test.bin"
".\output\LoRa_test.axf" - 0 Errors, 2 Warning(s).
Load "E:\\LoRa_test\\Project\\output\\LoRa_test.axf" 
Set JLink Project File to "E:\LoRa_test\Project\JLinkSettings.ini"
* JLink Info: Device "STM32F103C8" selected (64 KB flash, 20 KB RAM).
 
JLink info:
------------
DLL: V4.60a, compiled Jan 16 2013 17:15:30
Firmware: J-Link ARM V8 compiled Nov 14 2012 22:34:52
Hardware: V8.00
S/N : 304439649 
Feature(s) : RDI,FlashDL,FlashBP,JFlash,GDBFULL 
 
* JLink Info: Found SWD-DP with ID 0x1BA01477
* JLink Info: Found SWD-DP with ID 0x1BA01477
* JLink Info: TPIU fitted.
* JLink Info: FPUnit: 6 code (BP) slots and 2 literal slots
* JLink Info: Found Cortex-M3 r1p1, Little endian.
ROMTableAddr = 0xE00FF003
 
Target info:
------------
Device: STM32F103C8
VTarget = 3.293V
State of Pins: 
TCK: 0, TDI: 0, TDO: 0, TMS: 1, TRES: 1, TRST: 1
Hardware-Breakpoints: 6
Software-Breakpoints: 8192
Watchpoints:          4
JTAG speed: 1000 kHz
 
Erase Done.
Programming Done.
Verify OK.
Application running ...
Build target 'LoRa_test'
compiling main.c...
..\Source\main.c(19): warning:  #177-D: variable "bIsTxEnable" was declared but never referenced
linking...
Program Size: Code=8840 RO-data=540 RW-data=188 ZI-data=1804  
FromELF: creating hex file...
After Build - User command #1: fromelf --bin ".\output\LoRa_test.axf" --output ".\list\LoRa_test.bin"
".\output\LoRa_test.axf" - 0 Errors, 1 Warning(s).
Load "E:\\LoRa_test\\Project\\output\\LoRa_test.axf" 
Set JLink Project File to "E:\LoRa_test\Project\JLinkSettings.ini"
* JLink Info: Device "STM32F103C8" selected (64 KB flash, 20 KB RAM).
 
JLink info:
------------
DLL: V4.60a, compiled Jan 16 2013 17:15:30
Firmware: J-Link ARM V8 compiled Nov 14 2012 22:34:52
Hardware: V8.00
S/N : 304439649 
Feature(s) : RDI,FlashDL,FlashBP,JFlash,GDBFULL 
 
* JLink Info: Found SWD-DP with ID 0x1BA01477
* JLink Info: Found SWD-DP with ID 0x1BA01477
* JLink Info: TPIU fitted.
* JLink Info: FPUnit: 6 code (BP) slots and 2 literal slots
* JLink Info: Found Cortex-M3 r1p1, Little endian.
ROMTableAddr = 0xE00FF003
 
Target info:
------------
Device: STM32F103C8
VTarget = 3.293V
State of Pins: 
TCK: 0, TDI: 0, TDO: 0, TMS: 1, TRES: 1, TRST: 1
Hardware-Breakpoints: 6
Software-Breakpoints: 8192
Watchpoints:          4
JTAG speed: 1000 kHz
 
Erase Done.
Programming Done.
Verify OK.
Application running ...
Build target 'LoRa_test'
compiling main.c...
..\Source\main.c(19): warning:  #177-D: variable "bIsTxEnable" was declared but never referenced
linking...
Program Size: Code=8840 RO-data=540 RW-data=188 ZI-data=1804  
FromELF: creating hex file...
After Build - User command #1: fromelf --bin ".\output\LoRa_test.axf" --output ".\list\LoRa_test.bin"
".\output\LoRa_test.axf" - 0 Errors, 1 Warning(s).
Load "E:\\LoRa_test\\Project\\output\\LoRa_test.axf" 
Set JLink Project File to "E:\LoRa_test\Project\JLinkSettings.ini"
* JLink Info: Device "STM32F103C8" selected (64 KB flash, 20 KB RAM).
 
JLink info:
------------
DLL: V4.60a, compiled Jan 16 2013 17:15:30
Firmware: J-Link ARM V8 compiled Nov 14 2012 22:34:52
Hardware: V8.00
S/N : 304439649 
Feature(s) : RDI,FlashDL,FlashBP,JFlash,GDBFULL 
 
* JLink Info: Found SWD-DP with ID 0x1BA01477
* JLink Info: Found SWD-DP with ID 0x1BA01477
* JLink Info: TPIU fitted.
* JLink Info: FPUnit: 6 code (BP) slots and 2 literal slots
* JLink Info: Found Cortex-M3 r1p1, Little endian.
ROMTableAddr = 0xE00FF003
 
Target info:
------------
Device: STM32F103C8
VTarget = 3.293V
State of Pins: 
TCK: 0, TDI: 0, TDO: 0, TMS: 1, TRES: 1, TRST: 1
Hardware-Breakpoints: 6
Software-Breakpoints: 8192
Watchpoints:          4
JTAG speed: 1000 kHz
 
Erase Done.
Programming Done.
Verify OK.
Application running ...
Rebuild target 'LoRa_test'
compiling core_cm3.c...
compiling system_stm32f10x.c...
assembling startup_stm32f10x_hd.s...
compiling stm32f10x_tim.c...
compiling stm32f10x_usart.c...
compiling stm32f10x_gpio.c...
compiling stm32f10x_rcc.c...
compiling stm32f10x_spi.c...
compiling stm32f10x_flash.c...
compiling misc.c...
compiling stm32f10x_exti.c...
compiling main.c...
..\Source\main.c(17): warning:  #177-D: variable "TxBuf" was declared but never referenced
..\Source\main.c(18): warning:  #177-D: variable "TxBufSize" was declared but never referenced
..\Source\main.c(19): warning:  #177-D: variable "bIsTxEnable" was declared but never referenced
compiling sx1276.c...
compiling sx1276-LoRa.c...
compiling sx1276-Fsk.c...
compiling sx1276-LoRaMisc.c...
compiling sx1276-FskMisc.c...
compiling sx1276-Hal.c...
compiling spi.c...
compiling radio.c...
linking...
Program Size: Code=8708 RO-data=540 RW-data=180 ZI-data=1676  
FromELF: creating hex file...
After Build - User command #1: fromelf --bin ".\output\LoRa_test.axf" --output ".\list\LoRa_test.bin"
".\output\LoRa_test.axf" - 0 Errors, 3 Warning(s).
Load "E:\\LoRa_test\\Project\\output\\LoRa_test.axf" 
Set JLink Project File to "E:\LoRa_test\Project\JLinkSettings.ini"
* JLink Info: Device "STM32F103C8" selected (64 KB flash, 20 KB RAM).
 
JLink info:
------------
DLL: V4.60a, compiled Jan 16 2013 17:15:30
Firmware: J-Link ARM V8 compiled Nov 14 2012 22:34:52
Hardware: V8.00
S/N : 304439649 
Feature(s) : RDI,FlashDL,FlashBP,JFlash,GDBFULL 
 
* JLink Info: Found SWD-DP with ID 0x1BA01477
* JLink Info: Found SWD-DP with ID 0x1BA01477
* JLink Info: TPIU fitted.
* JLink Info: FPUnit: 6 code (BP) slots and 2 literal slots
* JLink Info: Found Cortex-M3 r1p1, Little endian.
ROMTableAddr = 0xE00FF003
 
Target info:
------------
Device: STM32F103C8
VTarget = 3.293V
State of Pins: 
TCK: 0, TDI: 0, TDO: 0, TMS: 1, TRES: 1, TRST: 1
Hardware-Breakpoints: 6
Software-Breakpoints: 8192
Watchpoints:          4
JTAG speed: 1000 kHz
 
Erase Done.
Programming Done.
Verify OK.
Application running ...
Load "E:\\LoRa_test\\Project\\output\\LoRa_test.axf" 
Set JLink Project File to "E:\LoRa_test\Project\JLinkSettings.ini"
* JLink Info: Device "STM32F103C8" selected (64 KB flash, 20 KB RAM).
 
JLink info:
------------
DLL: V4.60a, compiled Jan 16 2013 17:15:30
Firmware: J-Link ARM V8 compiled Nov 14 2012 22:34:52
Hardware: V8.00
S/N : 304439649 
Feature(s) : RDI,FlashDL,FlashBP,JFlash,GDBFULL 
 
* JLink Info: Found SWD-DP with ID 0x1BA01477
* JLink Info: Found SWD-DP with ID 0x1BA01477
* JLink Info: TPIU fitted.
* JLink Info: FPUnit: 6 code (BP) slots and 2 literal slots
* JLink Info: Found Cortex-M3 r1p1, Little endian.
ROMTableAddr = 0xE00FF003
 
Target info:
------------
Device: STM32F103C8
VTarget = 3.293V
State of Pins: 
TCK: 0, TDI: 0, TDO: 0, TMS: 1, TRES: 1, TRST: 1
Hardware-Breakpoints: 6
Software-Breakpoints: 8192
Watchpoints:          4
JTAG speed: 1000 kHz
 
***JLink Error: Can not read register 0 (R0) while CPU is running
Erase Done.
Programming Done.
Verify OK.
Application running ...
Rebuild target 'LoRa_test'
compiling core_cm3.c...
compiling system_stm32f10x.c...
assembling startup_stm32f10x_hd.s...
compiling stm32f10x_tim.c...
compiling stm32f10x_usart.c...
compiling stm32f10x_gpio.c...
compiling stm32f10x_rcc.c...
compiling stm32f10x_spi.c...
compiling stm32f10x_flash.c...
compiling misc.c...
compiling stm32f10x_exti.c...
compiling main.c...
..\Source\main.c(17): warning:  #177-D: variable "TxBuf" was declared but never referenced
..\Source\main.c(18): warning:  #177-D: variable "TxBufSize" was declared but never referenced
..\Source\main.c(19): warning:  #177-D: variable "bIsTxEnable" was declared but never referenced
compiling sx1276.c...
compiling sx1276-LoRa.c...
compiling sx1276-Fsk.c...
compiling sx1276-LoRaMisc.c...
compiling sx1276-FskMisc.c...
compiling sx1276-Hal.c...
compiling spi.c...
compiling radio.c...
linking...
Program Size: Code=8708 RO-data=540 RW-data=180 ZI-data=1676  
FromELF: creating hex file...
After Build - User command #1: fromelf --bin ".\output\LoRa_test.axf" --output ".\list\LoRa_test.bin"
".\output\LoRa_test.axf" - 0 Errors, 3 Warning(s).
Load "E:\\LoRa_test\\Project\\output\\LoRa_test.axf" 
Set JLink Project File to "E:\LoRa_test\Project\JLinkSettings.ini"
* JLink Info: Device "STM32F103C8" selected (64 KB flash, 20 KB RAM).
 
JLink info:
------------
DLL: V4.60a, compiled Jan 16 2013 17:15:30
Firmware: J-Link ARM V8 compiled Nov 14 2012 22:34:52
Hardware: V8.00
S/N : 304439649 
Feature(s) : RDI,FlashDL,FlashBP,JFlash,GDBFULL 
 
* JLink Info: Found SWD-DP with ID 0x1BA01477
* JLink Info: Found SWD-DP with ID 0x1BA01477
* JLink Info: TPIU fitted.
* JLink Info: FPUnit: 6 code (BP) slots and 2 literal slots
* JLink Info: Found Cortex-M3 r1p1, Little endian.
ROMTableAddr = 0xE00FF003
 
Target info:
------------
Device: STM32F103C8
VTarget = 3.293V
State of Pins: 
TCK: 0, TDI: 0, TDO: 0, TMS: 1, TRES: 1, TRST: 1
Hardware-Breakpoints: 6
Software-Breakpoints: 8192
Watchpoints:          4
JTAG speed: 1000 kHz
 
Erase Done.
Programming Done.
Verify OK.
Application running ...
Build target 'LoRa_test'
compiling core_cm3.c...
compiling system_stm32f10x.c...
compiling stm32f10x_tim.c...
compiling stm32f10x_usart.c...
compiling stm32f10x_gpio.c...
compiling stm32f10x_rcc.c...
compiling stm32f10x_spi.c...
compiling stm32f10x_flash.c...
compiling misc.c...
compiling stm32f10x_exti.c...
compiling main.c...
..\Source\main.c(17): warning:  #177-D: variable "TxBuf" was declared but never referenced
..\Source\main.c(18): warning:  #177-D: variable "TxBufSize" was declared but never referenced
..\Source\main.c(19): warning:  #177-D: variable "bIsTxEnable" was declared but never referenced
compiling sx1276.c...
compiling sx1276-LoRa.c...
compiling sx1276-Fsk.c...
compiling sx1276-LoRaMisc.c...
compiling sx1276-FskMisc.c...
compiling sx1276-Hal.c...
compiling spi.c...
compiling radio.c...
linking...
Program Size: Code=8708 RO-data=540 RW-data=180 ZI-data=1676  
FromELF: creating hex file...
After Build - User command #1: fromelf --bin ".\output\LoRa_test.axf" --output ".\list\LoRa_test.bin"
".\output\LoRa_test.axf" - 0 Errors, 3 Warning(s).
Load "E:\\LoRa_test\\Project\\output\\LoRa_test.axf" 
Set JLink Project File to "E:\LoRa_test\Project\JLinkSettings.ini"
* JLink Info: Device "STM32F103C8" selected (64 KB flash, 20 KB RAM).
 
JLink info:
------------
DLL: V4.60a, compiled Jan 16 2013 17:15:30
Firmware: J-Link ARM V8 compiled Nov 14 2012 22:34:52
Hardware: V8.00
S/N : 304439649 
Feature(s) : RDI,FlashDL,FlashBP,JFlash,GDBFULL 
 
* JLink Info: Found SWD-DP with ID 0x1BA01477
* JLink Info: Found SWD-DP with ID 0x1BA01477
* JLink Info: TPIU fitted.
* JLink Info: FPUnit: 6 code (BP) slots and 2 literal slots
* JLink Info: Found Cortex-M3 r1p1, Little endian.
ROMTableAddr = 0xE00FF003
 
Target info:
------------
Device: STM32F103C8
VTarget = 3.293V
State of Pins: 
TCK: 0, TDI: 0, TDO: 0, TMS: 1, TRES: 1, TRST: 1
Hardware-Breakpoints: 6
Software-Breakpoints: 8192
Watchpoints:          4
JTAG speed: 1000 kHz
 
Erase Done.
Programming Done.
Verify OK.
Application running ...
Build target 'LoRa_test'
compiling main.c...
..\Source\main.c(17): warning:  #177-D: variable "TxBuf" was declared but never referenced
..\Source\main.c(18): warning:  #177-D: variable "TxBufSize" was declared but never referenced
..\Source\main.c(19): warning:  #177-D: variable "bIsTxEnable" was declared but never referenced
linking...
Program Size: Code=8708 RO-data=540 RW-data=180 ZI-data=1676  
FromELF: creating hex file...
After Build - User command #1: fromelf --bin ".\output\LoRa_test.axf" --output ".\list\LoRa_test.bin"
".\output\LoRa_test.axf" - 0 Errors, 3 Warning(s).
Load "E:\\LoRa_test\\Project\\output\\LoRa_test.axf" 
Set JLink Project File to "E:\LoRa_test\Project\JLinkSettings.ini"
* JLink Info: Device "STM32F103C8" selected (64 KB flash, 20 KB RAM).
 
JLink info:
------------
DLL: V4.60a, compiled Jan 16 2013 17:15:30
Firmware: J-Link ARM V8 compiled Nov 14 2012 22:34:52
Hardware: V8.00
S/N : 304439649 
Feature(s) : RDI,FlashDL,FlashBP,JFlash,GDBFULL 
 
* JLink Info: Found SWD-DP with ID 0x1BA01477
* JLink Info: Found SWD-DP with ID 0x1BA01477
* JLink Info: TPIU fitted.
* JLink Info: FPUnit: 6 code (BP) slots and 2 literal slots
* JLink Info: Found Cortex-M3 r1p1, Little endian.
ROMTableAddr = 0xE00FF003
 
Target info:
------------
Device: STM32F103C8
VTarget = 3.293V
State of Pins: 
TCK: 0, TDI: 0, TDO: 0, TMS: 1, TRES: 1, TRST: 1
Hardware-Breakpoints: 6
Software-Breakpoints: 8192
Watchpoints:          4
JTAG speed: 1000 kHz
 
Erase Done.
Programming Done.
Verify OK.
Application running ...
Build target 'LoRa_test'
compiling main.c...
..\Source\main.c(140): warning:  #177-D: variable "NVIC_InitStructure" was declared but never referenced
..\Source\main.c(17): warning:  #177-D: variable "TxBuf" was declared but never referenced
..\Source\main.c(18): warning:  #177-D: variable "TxBufSize" was declared but never referenced
..\Source\main.c(19): warning:  #177-D: variable "bIsTxEnable" was declared but never referenced
linking...
Program Size: Code=8580 RO-data=540 RW-data=180 ZI-data=1676  
FromELF: creating hex file...
After Build - User command #1: fromelf --bin ".\output\LoRa_test.axf" --output ".\list\LoRa_test.bin"
".\output\LoRa_test.axf" - 0 Errors, 4 Warning(s).
Load "E:\\LoRa_test\\Project\\output\\LoRa_test.axf" 
Set JLink Project File to "E:\LoRa_test\Project\JLinkSettings.ini"
* JLink Info: Device "STM32F103C8" selected (64 KB flash, 20 KB RAM).
 
JLink info:
------------
DLL: V4.60a, compiled Jan 16 2013 17:15:30
Firmware: J-Link ARM V8 compiled Nov 14 2012 22:34:52
Hardware: V8.00
S/N : 304439649 
Feature(s) : RDI,FlashDL,FlashBP,JFlash,GDBFULL 
 
* JLink Info: Found SWD-DP with ID 0x1BA01477
* JLink Info: Found SWD-DP with ID 0x1BA01477
* JLink Info: TPIU fitted.
* JLink Info: FPUnit: 6 code (BP) slots and 2 literal slots
* JLink Info: Found Cortex-M3 r1p1, Little endian.
ROMTableAddr = 0xE00FF003
 
Target info:
------------
Device: STM32F103C8
VTarget = 3.293V
State of Pins: 
TCK: 0, TDI: 0, TDO: 0, TMS: 1, TRES: 1, TRST: 1
Hardware-Breakpoints: 6
Software-Breakpoints: 8192
Watchpoints:          4
JTAG speed: 1000 kHz
 
Erase Done.
Programming Done.
Verify OK.
Application running ...
Build target 'LoRa_test'
compiling main.c...
..\Source\main.c(17): warning:  #177-D: variable "TxBuf" was declared but never referenced
..\Source\main.c(18): warning:  #177-D: variable "TxBufSize" was declared but never referenced
..\Source\main.c(19): warning:  #177-D: variable "bIsTxEnable" was declared but never referenced
linking...
Program Size: Code=8708 RO-data=540 RW-data=180 ZI-data=1676  
FromELF: creating hex file...
After Build - User command #1: fromelf --bin ".\output\LoRa_test.axf" --output ".\list\LoRa_test.bin"
".\output\LoRa_test.axf" - 0 Errors, 3 Warning(s).
Load "E:\\LoRa_test\\Project\\output\\LoRa_test.axf" 
Set JLink Project File to "E:\LoRa_test\Project\JLinkSettings.ini"
* JLink Info: Device "STM32F103C8" selected (64 KB flash, 20 KB RAM).
 
JLink info:
------------
DLL: V4.60a, compiled Jan 16 2013 17:15:30
Firmware: J-Link ARM V8 compiled Nov 14 2012 22:34:52
Hardware: V8.00
S/N : 304439649 
Feature(s) : RDI,FlashDL,FlashBP,JFlash,GDBFULL 
 
* JLink Info: Found SWD-DP with ID 0x1BA01477
* JLink Info: Found SWD-DP with ID 0x1BA01477
* JLink Info: TPIU fitted.
* JLink Info: FPUnit: 6 code (BP) slots and 2 literal slots
* JLink Info: Found Cortex-M3 r1p1, Little endian.
ROMTableAddr = 0xE00FF003
 
Target info:
------------
Device: STM32F103C8
VTarget = 3.293V
State of Pins: 
TCK: 0, TDI: 0, TDO: 0, TMS: 1, TRES: 1, TRST: 1
Hardware-Breakpoints: 6
Software-Breakpoints: 8192
Watchpoints:          4
JTAG speed: 1000 kHz
 
Erase Done.
Programming Failed!
Load "E:\\LoRa_test\\Project\\output\\LoRa_test.axf" 
Set JLink Project File to "E:\LoRa_test\Project\JLinkSettings.ini"
* JLink Info: Device "STM32F103C8" selected (64 KB flash, 20 KB RAM).
 
JLink info:
------------
DLL: V4.60a, compiled Jan 16 2013 17:15:30
Firmware: J-Link ARM V8 compiled Nov 14 2012 22:34:52
Hardware: V8.00
S/N : 304439649 
Feature(s) : RDI,FlashDL,FlashBP,JFlash,GDBFULL 
 
* JLink Info: Found SWD-DP with ID 0x1BA01477
* JLink Info: Found SWD-DP with ID 0x1BA01477
* JLink Info: TPIU fitted.
* JLink Info: FPUnit: 6 code (BP) slots and 2 literal slots
* JLink Info: Found Cortex-M3 r1p1, Little endian.
ROMTableAddr = 0xE00FF003
 
Target info:
------------
Device: STM32F103C8
VTarget = 3.293V
State of Pins: 
TCK: 0, TDI: 0, TDO: 0, TMS: 1, TRES: 1, TRST: 1
Hardware-Breakpoints: 6
Software-Breakpoints: 8192
Watchpoints:          4
JTAG speed: 1000 kHz
 
Erase Done.
Programming Done.
Verify OK.
Application running ...
Load "E:\\LoRa_test\\Project\\output\\LoRa_test.axf" 
Set JLink Project File to "E:\LoRa_test\Project\JLinkSettings.ini"
* JLink Info: Device "STM32F103C8" selected (64 KB flash, 20 KB RAM).
 
JLink info:
------------
DLL: V4.60a, compiled Jan 16 2013 17:15:30
Firmware: J-Link ARM V8 compiled Nov 14 2012 22:34:52
Hardware: V8.00
S/N : 304439649 
Feature(s) : RDI,FlashDL,FlashBP,JFlash,GDBFULL 
 
* JLink Info: Found SWD-DP with ID 0x1BA01477
* JLink Info: Found SWD-DP with ID 0x1BA01477
* JLink Info: TPIU fitted.
* JLink Info: FPUnit: 6 code (BP) slots and 2 literal slots
* JLink Info: Found Cortex-M3 r1p1, Little endian.
ROMTableAddr = 0xE00FF003
 
Target info:
------------
Device: STM32F103C8
VTarget = 3.293V
State of Pins: 
TCK: 0, TDI: 0, TDO: 0, TMS: 1, TRES: 1, TRST: 1
Hardware-Breakpoints: 6
Software-Breakpoints: 8192
Watchpoints:          4
JTAG speed: 1000 kHz
 
Erase Done.
Programming Done.
Verify OK.
Application running ...
Build target 'LoRa_test'
compiling main.c...
..\Source\main.c(130): warning:  #177-D: variable "NVIC_InitStructure" was declared but never referenced
..\Source\main.c(17): warning:  #177-D: variable "TxBuf" was declared but never referenced
..\Source\main.c(18): warning:  #177-D: variable "TxBufSize" was declared but never referenced
..\Source\main.c(19): warning:  #177-D: variable "bIsTxEnable" was declared but never referenced
linking...
Program Size: Code=8580 RO-data=540 RW-data=180 ZI-data=1676  
FromELF: creating hex file...
After Build - User command #1: fromelf --bin ".\output\LoRa_test.axf" --output ".\list\LoRa_test.bin"
".\output\LoRa_test.axf" - 0 Errors, 4 Warning(s).
Load "E:\\LoRa_test\\Project\\output\\LoRa_test.axf" 
Set JLink Project File to "E:\LoRa_test\Project\JLinkSettings.ini"
* JLink Info: Device "STM32F103C8" selected (64 KB flash, 20 KB RAM).
 
JLink info:
------------
DLL: V4.60a, compiled Jan 16 2013 17:15:30
Firmware: J-Link ARM V8 compiled Nov 14 2012 22:34:52
Hardware: V8.00
S/N : 304439649 
Feature(s) : RDI,FlashDL,FlashBP,JFlash,GDBFULL 
 
* JLink Info: Found SWD-DP with ID 0x1BA01477
* JLink Info: Found SWD-DP with ID 0x1BA01477
* JLink Info: TPIU fitted.
* JLink Info: FPUnit: 6 code (BP) slots and 2 literal slots
* JLink Info: Found Cortex-M3 r1p1, Little endian.
ROMTableAddr = 0xE00FF003
 
Target info:
------------
Device: STM32F103C8
VTarget = 3.293V
State of Pins: 
TCK: 0, TDI: 0, TDO: 0, TMS: 1, TRES: 1, TRST: 1
Hardware-Breakpoints: 6
Software-Breakpoints: 8192
Watchpoints:          4
JTAG speed: 1000 kHz
 
Erase Done.
Programming Done.
Verify OK.
Application running ...
Build target 'LoRa_test'
compiling core_cm3.c...
compiling system_stm32f10x.c...
compiling stm32f10x_tim.c...
compiling stm32f10x_usart.c...
compiling stm32f10x_gpio.c...
compiling stm32f10x_rcc.c...
compiling stm32f10x_spi.c...
compiling stm32f10x_flash.c...
compiling misc.c...
".\output\LoRa_test.axf" - 0 Errors, 0 Warning(s).
Project build/rebuild aborted.
Rebuild target 'LoRa_test'
compiling core_cm3.c...
compiling system_stm32f10x.c...
assembling startup_stm32f10x_hd.s...
compiling stm32f10x_tim.c...
compiling stm32f10x_usart.c...
compiling stm32f10x_gpio.c...
compiling stm32f10x_rcc.c...
compiling stm32f10x_spi.c...
compiling stm32f10x_flash.c...
compiling misc.c...
compiling stm32f10x_exti.c...
compiling main.c...
..\Source\main.c(19): warning:  #177-D: variable "bIsTxEnable" was declared but never referenced
compiling sx1276.c...
compiling sx1276-LoRa.c...
compiling sx1276-Fsk.c...
compiling sx1276-LoRaMisc.c...
compiling sx1276-FskMisc.c...
compiling sx1276-Hal.c...
compiling spi.c...
compiling radio.c...
linking...
Program Size: Code=8840 RO-data=540 RW-data=188 ZI-data=1804  
FromELF: creating hex file...
After Build - User command #1: fromelf --bin ".\output\LoRa_test.axf" --output ".\list\LoRa_test.bin"
".\output\LoRa_test.axf" - 0 Errors, 1 Warning(s).
Load "E:\\LoRa_test\\Project\\output\\LoRa_test.axf" 
Set JLink Project File to "E:\LoRa_test\Project\JLinkSettings.ini"
* JLink Info: Device "STM32F103C8" selected (64 KB flash, 20 KB RAM).
 
JLink info:
------------
DLL: V4.60a, compiled Jan 16 2013 17:15:30
Firmware: J-Link ARM V8 compiled Nov 14 2012 22:34:52
Hardware: V8.00
S/N : 304439649 
Feature(s) : RDI,FlashDL,FlashBP,JFlash,GDBFULL 
 
* JLink Info: Found SWD-DP with ID 0x1BA01477
* JLink Info: Found SWD-DP with ID 0x1BA01477
* JLink Info: TPIU fitted.
* JLink Info: FPUnit: 6 code (BP) slots and 2 literal slots
* JLink Info: Found Cortex-M3 r1p1, Little endian.
ROMTableAddr = 0xE00FF003
 
Target info:
------------
Device: STM32F103C8
VTarget = 3.293V
State of Pins: 
TCK: 0, TDI: 0, TDO: 0, TMS: 1, TRES: 1, TRST: 1
Hardware-Breakpoints: 6
Software-Breakpoints: 8192
Watchpoints:          4
JTAG speed: 1000 kHz
 
Erase Done.
Programming Done.
Verify OK.
Application running ...
